Archive member included to satisfy reference by file (symbol)

/Users/brianteam/Downloads/arm-gnu-toolchain-11.3.rel1-darwin-x86_64-arm-none-eabi/bin/../lib/gcc/arm-none-eabi/11.3.1/../../../../arm-none-eabi/lib/thumb/v7-m/nofp/libc_nano.a(libc_a-exit.o)
                              /Users/brianteam/Downloads/arm-gnu-toolchain-11.3.rel1-darwin-x86_64-arm-none-eabi/bin/../lib/gcc/arm-none-eabi/11.3.1/../../../../arm-none-eabi/lib/thumb/v7-m/nofp/crt0.o (exit)
/Users/brianteam/Downloads/arm-gnu-toolchain-11.3.rel1-darwin-x86_64-arm-none-eabi/bin/../lib/gcc/arm-none-eabi/11.3.1/../../../../arm-none-eabi/lib/thumb/v7-m/nofp/libc_nano.a(libc_a-findfp.o)
                              /Users/brianteam/Downloads/arm-gnu-toolchain-11.3.rel1-darwin-x86_64-arm-none-eabi/bin/../lib/gcc/arm-none-eabi/11.3.1/../../../../arm-none-eabi/lib/thumb/v7-m/nofp/libc_nano.a(libc_a-exit.o) (__stdio_exit_handler)
/Users/brianteam/Downloads/arm-gnu-toolchain-11.3.rel1-darwin-x86_64-arm-none-eabi/bin/../lib/gcc/arm-none-eabi/11.3.1/../../../../arm-none-eabi/lib/thumb/v7-m/nofp/libc_nano.a(libc_a-fwalk.o)
                              /Users/brianteam/Downloads/arm-gnu-toolchain-11.3.rel1-darwin-x86_64-arm-none-eabi/bin/../lib/gcc/arm-none-eabi/11.3.1/../../../../arm-none-eabi/lib/thumb/v7-m/nofp/libc_nano.a(libc_a-findfp.o) (_fwalk_sglue)
/Users/brianteam/Downloads/arm-gnu-toolchain-11.3.rel1-darwin-x86_64-arm-none-eabi/bin/../lib/gcc/arm-none-eabi/11.3.1/../../../../arm-none-eabi/lib/thumb/v7-m/nofp/libc_nano.a(libc_a-memset.o)
                              /Users/brianteam/Downloads/arm-gnu-toolchain-11.3.rel1-darwin-x86_64-arm-none-eabi/bin/../lib/gcc/arm-none-eabi/11.3.1/../../../../arm-none-eabi/lib/thumb/v7-m/nofp/crt0.o (memset)
/Users/brianteam/Downloads/arm-gnu-toolchain-11.3.rel1-darwin-x86_64-arm-none-eabi/bin/../lib/gcc/arm-none-eabi/11.3.1/../../../../arm-none-eabi/lib/thumb/v7-m/nofp/libc_nano.a(libc_a-impure.o)
                              /Users/brianteam/Downloads/arm-gnu-toolchain-11.3.rel1-darwin-x86_64-arm-none-eabi/bin/../lib/gcc/arm-none-eabi/11.3.1/../../../../arm-none-eabi/lib/thumb/v7-m/nofp/libc_nano.a(libc_a-findfp.o) (_impure_data)
/Users/brianteam/Downloads/arm-gnu-toolchain-11.3.rel1-darwin-x86_64-arm-none-eabi/bin/../lib/gcc/arm-none-eabi/11.3.1/../../../../arm-none-eabi/lib/thumb/v7-m/nofp/libc_nano.a(libc_a-init.o)
                              /Users/brianteam/Downloads/arm-gnu-toolchain-11.3.rel1-darwin-x86_64-arm-none-eabi/bin/../lib/gcc/arm-none-eabi/11.3.1/../../../../arm-none-eabi/lib/thumb/v7-m/nofp/crt0.o (__libc_init_array)
/Users/brianteam/Downloads/arm-gnu-toolchain-11.3.rel1-darwin-x86_64-arm-none-eabi/bin/../lib/gcc/arm-none-eabi/11.3.1/../../../../arm-none-eabi/lib/thumb/v7-m/nofp/libc_nano.a(libc_a-lock.o)
                              /Users/brianteam/Downloads/arm-gnu-toolchain-11.3.rel1-darwin-x86_64-arm-none-eabi/bin/../lib/gcc/arm-none-eabi/11.3.1/../../../../arm-none-eabi/lib/thumb/v7-m/nofp/libc_nano.a(libc_a-findfp.o) (__retarget_lock_init_recursive)
/Users/brianteam/Downloads/arm-gnu-toolchain-11.3.rel1-darwin-x86_64-arm-none-eabi/bin/../lib/gcc/arm-none-eabi/11.3.1/../../../../arm-none-eabi/lib/thumb/v7-m/nofp/libc_nano.a(libc_a-memcpy-stub.o)
                              ./thirdparty/cubemx-light-valve-driver/build/queue.o (memcpy)
/Users/brianteam/Downloads/arm-gnu-toolchain-11.3.rel1-darwin-x86_64-arm-none-eabi/bin/../lib/gcc/arm-none-eabi/11.3.1/../../../../arm-none-eabi/lib/thumb/v7-m/nofp/libc_nano.a(libc_a-mallocr.o)
                              /Users/brianteam/Downloads/arm-gnu-toolchain-11.3.rel1-darwin-x86_64-arm-none-eabi/bin/../lib/gcc/arm-none-eabi/11.3.1/../../../../arm-none-eabi/lib/thumb/v7-m/nofp/libc_nano.a(libc_a-findfp.o) (_malloc_r)
/Users/brianteam/Downloads/arm-gnu-toolchain-11.3.rel1-darwin-x86_64-arm-none-eabi/bin/../lib/gcc/arm-none-eabi/11.3.1/../../../../arm-none-eabi/lib/thumb/v7-m/nofp/libc_nano.a(libc_a-fflush.o)
                              /Users/brianteam/Downloads/arm-gnu-toolchain-11.3.rel1-darwin-x86_64-arm-none-eabi/bin/../lib/gcc/arm-none-eabi/11.3.1/../../../../arm-none-eabi/lib/thumb/v7-m/nofp/libc_nano.a(libc_a-findfp.o) (_fflush_r)
/Users/brianteam/Downloads/arm-gnu-toolchain-11.3.rel1-darwin-x86_64-arm-none-eabi/bin/../lib/gcc/arm-none-eabi/11.3.1/../../../../arm-none-eabi/lib/thumb/v7-m/nofp/libc_nano.a(libc_a-mlock.o)
                              /Users/brianteam/Downloads/arm-gnu-toolchain-11.3.rel1-darwin-x86_64-arm-none-eabi/bin/../lib/gcc/arm-none-eabi/11.3.1/../../../../arm-none-eabi/lib/thumb/v7-m/nofp/libc_nano.a(libc_a-mallocr.o) (__malloc_lock)
/Users/brianteam/Downloads/arm-gnu-toolchain-11.3.rel1-darwin-x86_64-arm-none-eabi/bin/../lib/gcc/arm-none-eabi/11.3.1/../../../../arm-none-eabi/lib/thumb/v7-m/nofp/libc_nano.a(libc_a-stdio.o)
[...]
Memory Configuration

Name             Origin             Length             Attributes
RAM              0x0000000020000000 0x0000000000005000 xrw
FLASH            0x0000000008000000 0x0000000000010000 xr
*default*        0x0000000000000000 0xffffffffffffffff

Linker script and memory map

LOAD /Users/brianteam/Downloads/arm-gnu-toolchain-11.3.rel1-darwin-x86_64-arm-none-eabi/bin/../lib/gcc/arm-none-eabi/11.3.1/thumb/v7-m/nofp/crti.o
LOAD /Users/brianteam/Downloads/arm-gnu-toolchain-11.3.rel1-darwin-x86_64-arm-none-eabi/bin/../lib/gcc/arm-none-eabi/11.3.1/thumb/v7-m/nofp/crtbegin.o
LOAD /Users/brianteam/Downloads/arm-gnu-toolchain-11.3.rel1-darwin-x86_64-arm-none-eabi/bin/../lib/gcc/arm-none-eabi/11.3.1/../../../../arm-none-eabi/lib/thumb/v7-m/nofp/crt0.o
LOAD ./thirdparty/cubemx-light-valve-driver/build/main.o
LOAD ./thirdparty/cubemx-light-valve-driver/build/freertos.o
LOAD ./thirdparty/cubemx-light-valve-driver/build/stm32f1xx_it.o
LOAD ./thirdparty/cubemx-light-valve-driver/build/stm32f1xx_hal_msp.o
LOAD ./thirdparty/cubemx-light-valve-driver/build/stm32f1xx_hal_timebase_tim.o
LOAD ./thirdparty/cubemx-light-valve-driver/build/stm32f1xx_hal_gpio_ex.o
LOAD ./thirdparty/cubemx-light-valve-driver/build/stm32f1xx_ll_gpio.o
LOAD ./thirdparty/cubemx-light-valve-driver/build/stm32f1xx_ll_dma.o
LOAD ./thirdparty/cubemx-light-valve-driver/build/stm32f1xx_ll_rcc.o
LOAD ./thirdparty/cubemx-light-valve-driver/build/stm32f1xx_ll_utils.o
LOAD ./thirdparty/cubemx-light-valve-driver/build/stm32f1xx_ll_exti.o
LOAD ./thirdparty/cubemx-light-valve-driver/build/stm32f1xx_hal.o
LOAD ./thirdparty/cubemx-light-valve-driver/build/stm32f1xx_hal_rcc.o
LOAD ./thirdparty/cubemx-light-valve-driver/build/stm32f1xx_hal_rcc_ex.o
LOAD ./thirdparty/cubemx-light-valve-driver/build/stm32f1xx_hal_gpio.o
LOAD ./thirdparty/cubemx-light-valve-driver/build/stm32f1xx_hal_dma.o
LOAD ./thirdparty/cubemx-light-valve-driver/build/stm32f1xx_hal_cortex.o
LOAD ./thirdparty/cubemx-light-valve-driver/build/stm32f1xx_hal_pwr.o
LOAD ./thirdparty/cubemx-light-valve-driver/build/stm32f1xx_hal_flash.o
LOAD ./thirdparty/cubemx-light-valve-driver/build/stm32f1xx_hal_flash_ex.o
LOAD ./thirdparty/cubemx-light-valve-driver/build/stm32f1xx_hal_exti.o
LOAD ./thirdparty/cubemx-light-valve-driver/build/stm32f1xx_hal_tim.o
LOAD ./thirdparty/cubemx-light-valve-driver/build/stm32f1xx_hal_tim_ex.o
LOAD ./thirdparty/cubemx-light-valve-driver/build/stm32f1xx_ll_tim.o
LOAD ./thirdparty/cubemx-light-valve-driver/build/stm32f1xx_ll_usart.o
LOAD ./thirdparty/cubemx-light-valve-driver/build/system_stm32f1xx.o
LOAD ./thirdparty/cubemx-light-valve-driver/build/croutine.o
LOAD ./thirdparty/cubemx-light-valve-driver/build/event_groups.o
LOAD ./thirdparty/cubemx-light-valve-driver/build/list.o
LOAD ./thirdparty/cubemx-light-valve-driver/build/queue.o
LOAD ./thirdparty/cubemx-light-valve-driver/build/stream_buffer.o
LOAD ./thirdparty/cubemx-light-valve-driver/build/tasks.o
LOAD ./thirdparty/cubemx-light-valve-driver/build/timers.o
LOAD ./thirdparty/cubemx-light-valve-driver/build/cmsis_os2.o
LOAD ./thirdparty/cubemx-light-valve-driver/build/heap_4.o
LOAD ./thirdparty/cubemx-light-valve-driver/build/port.o
LOAD ./thirdparty/cubemx-light-valve-driver/build/startup_stm32f103xb.o
LOAD out//app_main.o
LOAD /Users/brianteam/Downloads/arm-gnu-toolchain-11.3.rel1-darwin-x86_64-arm-none-eabi/bin/../lib/gcc/arm-none-eabi/11.3.1/../../../../arm-none-eabi/lib/thumb/v7-m/nofp/libc_nano.a
LOAD /Users/brianteam/Downloads/arm-gnu-toolchain-11.3.rel1-darwin-x86_64-arm-none-eabi/bin/../lib/gcc/arm-none-eabi/11.3.1/../../../../arm-none-eabi/lib/thumb/v7-m/nofp/libm.a
LOAD /Users/brianteam/Downloads/arm-gnu-toolchain-11.3.rel1-darwin-x86_64-arm-none-eabi/bin/../lib/gcc/arm-none-eabi/11.3.1/../../../../arm-none-eabi/lib/thumb/v7-m/nofp/libnosys.a
START GROUP
LOAD /Users/brianteam/Downloads/arm-gnu-toolchain-11.3.rel1-darwin-x86_64-arm-none-eabi/bin/../lib/gcc/arm-none-eabi/11.3.1/thumb/v7-m/nofp/libgcc.a
LOAD /Users/brianteam/Downloads/arm-gnu-toolchain-11.3.rel1-darwin-x86_64-arm-none-eabi/bin/../lib/gcc/arm-none-eabi/11.3.1/../../../../arm-none-eabi/lib/thumb/v7-m/nofp/libc_nano.a
END GROUP
START GROUP
LOAD /Users/brianteam/Downloads/arm-gnu-toolchain-11.3.rel1-darwin-x86_64-arm-none-eabi/bin/../lib/gcc/arm-none-eabi/11.3.1/thumb/v7-m/nofp/libgcc.a
LOAD /Users/brianteam/Downloads/arm-gnu-toolchain-11.3.rel1-darwin-x86_64-arm-none-eabi/bin/../lib/gcc/arm-none-eabi/11.3.1/../../../../arm-none-eabi/lib/thumb/v7-m/nofp/libc_nano.a
END GROUP
LOAD /Users/brianteam/Downloads/arm-gnu-toolchain-11.3.rel1-darwin-x86_64-arm-none-eabi/bin/../lib/gcc/arm-none-eabi/11.3.1/thumb/v7-m/nofp/crtend.o
LOAD /Users/brianteam/Downloads/arm-gnu-toolchain-11.3.rel1-darwin-x86_64-arm-none-eabi/bin/../lib/gcc/arm-none-eabi/11.3.1/thumb/v7-m/nofp/crtn.o
                0x0000000020005000                _estack = (ORIGIN (RAM) + LENGTH (RAM))
                0x0000000000000200                _Min_Heap_Size = 0x200
                0x0000000000000400                _Min_Stack_Size = 0x400

.isr_vector     0x0000000008000000      0x10c
                0x0000000008000000                . = ALIGN (0x4)
 *(.isr_vector)
 .isr_vector    0x0000000008000000      0x10c ./thirdparty/cubemx-light-valve-driver/build/startup_stm32f103xb.o
                0x0000000008000000                g_pfnVectors
                0x000000000800010c                . = ALIGN (0x4)

.text           0x0000000008000110     0x2d2c
                0x0000000008000110                . = ALIGN (0x4)
 *(.text)
 *(.text*)
 .text.deregister_tm_clones
                0x0000000008000110       0x1c /Users/brianteam/Downloads/arm-gnu-toolchain-11.3.rel1-darwin-x86_64-arm-none-eabi/bin/../lib/gcc/arm-none-eabi/11.3.1/thumb/v7-m/nofp/crtbegin.o
 .text.register_tm_clones
                0x000000000800012c       0x24 /Users/brianteam/Downloads/arm-gnu-toolchain-11.3.rel1-darwin-x86_64-arm-none-eabi/bin/../lib/gcc/arm-none-eabi/11.3.1/thumb/v7-m/nofp/crtbegin.o
 .text.__do_global_dtors_aux
                0x0000000008000150       0x28 /Users/brianteam/Downloads/arm-gnu-toolchain-11.3.rel1-darwin-x86_64-arm-none-eabi/bin/../lib/gcc/arm-none-eabi/11.3.1/thumb/v7-m/nofp/crtbegin.o
 .text.frame_dummy
                0x0000000008000178       0x24 /Users/brianteam/Downloads/arm-gnu-toolchain-11.3.rel1-darwin-x86_64-arm-none-eabi/bin/../lib/gcc/arm-none-eabi/11.3.1/thumb/v7-m/nofp/crtbegin.o
 .text.NVIC_EncodePriority
                0x000000000800019c       0x3e ./thirdparty/cubemx-light-valve-driver/build/main.o
 *fill*         0x00000000080001da        0x2 
 .text.MX_DMA_Init
                0x00000000080001dc       0x4c ./thirdparty/cubemx-light-valve-driver/build/main.o
 .text.MX_GPIO_Init
                0x0000000008000228       0xd8 ./thirdparty/cubemx-light-valve-driver/build/main.o
 .text.MX_TIM2_Init
                0x0000000008000300       0xf8 ./thirdparty/cubemx-light-valve-driver/build/main.o
 .text.MX_USART1_UART_Init
                0x00000000080003f8       0xe0 ./thirdparty/cubemx-light-valve-driver/build/main.o
 .text.MX_USART2_UART_Init
                0x00000000080004d8      0x11c ./thirdparty/cubemx-light-valve-driver/build/main.o
 .text.StartDefaultTask
                0x00000000080005f4        0xa ./thirdparty/cubemx-light-valve-driver/build/main.o
                0x00000000080005f4                StartDefaultTask
 *fill*         0x00000000080005fe        0x2 
 .text.HAL_TIM_PeriodElapsedCallback
                0x0000000008000600       0x18 ./thirdparty/cubemx-light-valve-driver/build/main.o
                0x0000000008000600                HAL_TIM_PeriodElapsedCallback
 .text.Error_Handler
                0x0000000008000618        0x4 ./thirdparty/cubemx-light-valve-driver/build/main.o
                0x0000000008000618                Error_Handler
 .text.SystemClock_Config
                0x000000000800061c       0xb4 ./thirdparty/cubemx-light-valve-driver/build/main.o
                0x000000000800061c                SystemClock_Config
 .text.main     0x00000000080006d0       0x44 ./thirdparty/cubemx-light-valve-driver/build/main.o
                0x00000000080006d0                main
 .text.NMI_Handler
                0x0000000008000714        0x2 ./thirdparty/cubemx-light-valve-driver/build/stm32f1xx_it.o
                0x0000000008000714                NMI_Handler
 .text.HardFault_Handler
                0x0000000008000716        0x2 ./thirdparty/cubemx-light-valve-driver/build/stm32f1xx_it.o
                0x0000000008000716                HardFault_Handler
 .text.MemManage_Handler
                0x0000000008000718        0x2 ./thirdparty/cubemx-light-valve-driver/build/stm32f1xx_it.o
                0x0000000008000718                MemManage_Handler
 .text.BusFault_Handler
                0x000000000800071a        0x2 ./thirdparty/cubemx-light-valve-driver/build/stm32f1xx_it.o
                0x000000000800071a                BusFault_Handler
 .text.UsageFault_Handler
                0x000000000800071c        0x2 ./thirdparty/cubemx-light-valve-driver/build/stm32f1xx_it.o
                0x000000000800071c                UsageFault_Handler
 .text.DebugMon_Handler
                0x000000000800071e        0x2 ./thirdparty/cubemx-light-valve-driver/build/stm32f1xx_it.o
                0x000000000800071e                DebugMon_Handler
 .text.DMA1_Channel6_IRQHandler
                0x0000000008000720        0x2 ./thirdparty/cubemx-light-valve-driver/build/stm32f1xx_it.o
                0x0000000008000720                DMA1_Channel6_IRQHandler
 .text.TIM2_IRQHandler
                0x0000000008000722        0x2 ./thirdparty/cubemx-light-valve-driver/build/stm32f1xx_it.o
                0x0000000008000722                TIM2_IRQHandler
 .text.TIM4_IRQHandler
                0x0000000008000724       0x10 ./thirdparty/cubemx-light-valve-driver/build/stm32f1xx_it.o
                0x0000000008000724                TIM4_IRQHandler
 .text.USART1_IRQHandler
                0x0000000008000734        0x2 ./thirdparty/cubemx-light-valve-driver/build/stm32f1xx_it.o
                0x0000000008000734                USART1_IRQHandler
 .text.USART2_IRQHandler
                0x0000000008000736        0x2 ./thirdparty/cubemx-light-valve-driver/build/stm32f1xx_it.o
                0x0000000008000736                USART2_IRQHandler
 .text.HAL_MspInit
                0x0000000008000738       0x54 ./thirdparty/cubemx-light-valve-driver/build/stm32f1xx_hal_msp.o
                0x0000000008000738                HAL_MspInit
 .text.HAL_InitTick
                0x000000000800078c       0xa0 ./thirdparty/cubemx-light-valve-driver/build/stm32f1xx_hal_timebase_tim.o
                0x000000000800078c                HAL_InitTick
 .text.LL_GPIO_Init
                0x000000000800082c      0x110 ./thirdparty/cubemx-light-valve-driver/build/stm32f1xx_ll_gpio.o
                0x000000000800082c                LL_GPIO_Init
 .text.RCC_GetHCLKClockFreq
                0x000000000800093c       0x18 ./thirdparty/cubemx-light-valve-driver/build/stm32f1xx_ll_rcc.o
                0x000000000800093c                RCC_GetHCLKClockFreq
 .text.RCC_GetPCLK1ClockFreq
                0x0000000008000954       0x18 ./thirdparty/cubemx-light-valve-driver/build/stm32f1xx_ll_rcc.o
                0x0000000008000954                RCC_GetPCLK1ClockFreq
 .text.RCC_GetPCLK2ClockFreq
                0x000000000800096c       0x18 ./thirdparty/cubemx-light-valve-driver/build/stm32f1xx_ll_rcc.o
                0x000000000800096c                RCC_GetPCLK2ClockFreq
 .text.RCC_PLL_GetFreqDomain_SYS
                0x0000000008000984       0x3c ./thirdparty/cubemx-light-valve-driver/build/stm32f1xx_ll_rcc.o
                0x0000000008000984                RCC_PLL_GetFreqDomain_SYS
 .text.RCC_GetSystemClockFreq
                0x00000000080009c0       0x20 ./thirdparty/cubemx-light-valve-driver/build/stm32f1xx_ll_rcc.o
                0x00000000080009c0                RCC_GetSystemClockFreq
 .text.LL_RCC_GetSystemClocksFreq
                0x00000000080009e0       0x20 ./thirdparty/cubemx-light-valve-driver/build/stm32f1xx_ll_rcc.o
                0x00000000080009e0                LL_RCC_GetSystemClocksFreq
 .text.LL_SetSystemCoreClock
                0x0000000008000a00        0xc ./thirdparty/cubemx-light-valve-driver/build/stm32f1xx_ll_utils.o
                0x0000000008000a00                LL_SetSystemCoreClock
 .text.HAL_Init
                0x0000000008000a0c       0x24 ./thirdparty/cubemx-light-valve-driver/build/stm32f1xx_hal.o
                0x0000000008000a0c                HAL_Init
 .text.HAL_IncTick
                0x0000000008000a30       0x18 ./thirdparty/cubemx-light-valve-driver/build/stm32f1xx_hal.o
                0x0000000008000a30                HAL_IncTick
 .text.HAL_RCC_GetHCLKFreq
                0x0000000008000a48        0xc ./thirdparty/cubemx-light-valve-driver/build/stm32f1xx_hal_rcc.o
                0x0000000008000a48                HAL_RCC_GetHCLKFreq
 .text.HAL_RCC_GetPCLK1Freq
                0x0000000008000a54       0x20 ./thirdparty/cubemx-light-valve-driver/build/stm32f1xx_hal_rcc.o
                0x0000000008000a54                HAL_RCC_GetPCLK1Freq
 .text.HAL_RCC_GetClockConfig
                0x0000000008000a74       0x3c ./thirdparty/cubemx-light-valve-driver/build/stm32f1xx_hal_rcc.o
                0x0000000008000a74                HAL_RCC_GetClockConfig
 .text.HAL_NVIC_SetPriorityGrouping
                0x0000000008000ab0       0x24 ./thirdparty/cubemx-light-valve-driver/build/stm32f1xx_hal_cortex.o
                0x0000000008000ab0                HAL_NVIC_SetPriorityGrouping
 .text.HAL_NVIC_SetPriority
                0x0000000008000ad4       0x70 ./thirdparty/cubemx-light-valve-driver/build/stm32f1xx_hal_cortex.o
                0x0000000008000ad4                HAL_NVIC_SetPriority
 .text.HAL_NVIC_EnableIRQ
                0x0000000008000b44       0x1c ./thirdparty/cubemx-light-valve-driver/build/stm32f1xx_hal_cortex.o
                0x0000000008000b44                HAL_NVIC_EnableIRQ
 .text.HAL_TIM_Base_MspInit
                0x0000000008000b60        0x2 ./thirdparty/cubemx-light-valve-driver/build/stm32f1xx_hal_tim.o
                0x0000000008000b60                HAL_TIM_Base_MspInit
 *fill*         0x0000000008000b62        0x2 
 .text.HAL_TIM_Base_Start_IT
                0x0000000008000b64       0x68 ./thirdparty/cubemx-light-valve-driver/build/stm32f1xx_hal_tim.o
                0x0000000008000b64                HAL_TIM_Base_Start_IT
 .text.HAL_TIM_OC_DelayElapsedCallback
                0x0000000008000bcc        0x2 ./thirdparty/cubemx-light-valve-driver/build/stm32f1xx_hal_tim.o
                0x0000000008000bcc                HAL_TIM_OC_DelayElapsedCallback
 .text.HAL_TIM_IC_CaptureCallback
                0x0000000008000bce        0x2 ./thirdparty/cubemx-light-valve-driver/build/stm32f1xx_hal_tim.o
                0x0000000008000bce                HAL_TIM_IC_CaptureCallback
 .text.HAL_TIM_PWM_PulseFinishedCallback
                0x0000000008000bd0        0x2 ./thirdparty/cubemx-light-valve-driver/build/stm32f1xx_hal_tim.o
                0x0000000008000bd0                HAL_TIM_PWM_PulseFinishedCallback
 .text.HAL_TIM_TriggerCallback
                0x0000000008000bd2        0x2 ./thirdparty/cubemx-light-valve-driver/build/stm32f1xx_hal_tim.o
                0x0000000008000bd2                HAL_TIM_TriggerCallback
 .text.HAL_TIM_IRQHandler
                0x0000000008000bd4      0x17a ./thirdparty/cubemx-light-valve-driver/build/stm32f1xx_hal_tim.o
                0x0000000008000bd4                HAL_TIM_IRQHandler
 *fill*         0x0000000008000d4e        0x2 
 .text.TIM_Base_SetConfig
                0x0000000008000d50       0x74 ./thirdparty/cubemx-light-valve-driver/build/stm32f1xx_hal_tim.o
                0x0000000008000d50                TIM_Base_SetConfig
 .text.HAL_TIM_Base_Init
                0x0000000008000dc4       0x58 ./thirdparty/cubemx-light-valve-driver/build/stm32f1xx_hal_tim.o
                0x0000000008000dc4                HAL_TIM_Base_Init
 .text.HAL_TIMEx_CommutCallback
                0x0000000008000e1c        0x2 ./thirdparty/cubemx-light-valve-driver/build/stm32f1xx_hal_tim_ex.o
                0x0000000008000e1c                HAL_TIMEx_CommutCallback
 .text.HAL_TIMEx_BreakCallback
                0x0000000008000e1e        0x2 ./thirdparty/cubemx-light-valve-driver/build/stm32f1xx_hal_tim_ex.o
                0x0000000008000e1e                HAL_TIMEx_BreakCallback
 .text.OC1Config
                0x0000000008000e20       0x6c ./thirdparty/cubemx-light-valve-driver/build/stm32f1xx_ll_tim.o
 .text.OC2Config
                0x0000000008000e8c       0x74 ./thirdparty/cubemx-light-valve-driver/build/stm32f1xx_ll_tim.o
 .text.OC3Config
                0x0000000008000f00       0x70 ./thirdparty/cubemx-light-valve-driver/build/stm32f1xx_ll_tim.o
 .text.OC4Config
                0x0000000008000f70       0x54 ./thirdparty/cubemx-light-valve-driver/build/stm32f1xx_ll_tim.o
 .text.LL_TIM_Init
                0x0000000008000fc4       0x70 ./thirdparty/cubemx-light-valve-driver/build/stm32f1xx_ll_tim.o
                0x0000000008000fc4                LL_TIM_Init
 .text.LL_TIM_OC_Init
                0x0000000008001034       0x3c ./thirdparty/cubemx-light-valve-driver/build/stm32f1xx_ll_tim.o
                0x0000000008001034                LL_TIM_OC_Init
 .text.LL_USART_Init
                0x0000000008001070       0xcc ./thirdparty/cubemx-light-valve-driver/build/stm32f1xx_ll_usart.o
                0x0000000008001070                LL_USART_Init
 .text.SystemInit
                0x000000000800113c        0x2 ./thirdparty/cubemx-light-valve-driver/build/system_stm32f1xx.o
                0x000000000800113c                SystemInit
 .text.vListInitialise
                0x000000000800113e       0x16 ./thirdparty/cubemx-light-valve-driver/build/list.o
                0x000000000800113e                vListInitialise
 .text.vListInitialiseItem
                0x0000000008001154        0x6 ./thirdparty/cubemx-light-valve-driver/build/list.o
                0x0000000008001154                vListInitialiseItem
 .text.vListInsertEnd
                0x000000000800115a       0x16 ./thirdparty/cubemx-light-valve-driver/build/list.o
                0x000000000800115a                vListInsertEnd
 .text.vListInsert
                0x0000000008001170       0x32 ./thirdparty/cubemx-light-valve-driver/build/list.o
                0x0000000008001170                vListInsert
 .text.uxListRemove
                0x00000000080011a2       0x26 ./thirdparty/cubemx-light-valve-driver/build/list.o
                0x00000000080011a2                uxListRemove
 .text.prvIsQueueFull
                0x00000000080011c8       0x1e ./thirdparty/cubemx-light-valve-driver/build/queue.o
 .text.prvIsQueueEmpty
                0x00000000080011e6       0x1a ./thirdparty/cubemx-light-valve-driver/build/queue.o
 .text.prvCopyDataToQueue
                0x0000000008001200       0x76 ./thirdparty/cubemx-light-valve-driver/build/queue.o
 .text.prvCopyDataFromQueue
                0x0000000008001276       0x24 ./thirdparty/cubemx-light-valve-driver/build/queue.o
 .text.prvUnlockQueue
                0x000000000800129a       0x6e ./thirdparty/cubemx-light-valve-driver/build/queue.o
 .text.xQueueGenericReset
                0x0000000008001308       0x84 ./thirdparty/cubemx-light-valve-driver/build/queue.o
                0x0000000008001308                xQueueGenericReset
 .text.prvInitialiseNewQueue
                0x000000000800138c       0x22 ./thirdparty/cubemx-light-valve-driver/build/queue.o
 .text.xQueueGenericCreateStatic
                0x00000000080013ae       0x92 ./thirdparty/cubemx-light-valve-driver/build/queue.o
                0x00000000080013ae                xQueueGenericCreateStatic
 .text.xQueueGenericSend
                0x0000000008001440      0x188 ./thirdparty/cubemx-light-valve-driver/build/queue.o
                0x0000000008001440                xQueueGenericSend
 .text.xQueueGenericSendFromISR
                0x00000000080015c8       0xcc ./thirdparty/cubemx-light-valve-driver/build/queue.o
                0x00000000080015c8                xQueueGenericSendFromISR
 .text.xQueueReceive
                0x0000000008001694      0x15e ./thirdparty/cubemx-light-valve-driver/build/queue.o
                0x0000000008001694                xQueueReceive
 *fill*         0x00000000080017f2        0x2 
 .text.vQueueAddToRegistry
                0x00000000080017f4       0x28 ./thirdparty/cubemx-light-valve-driver/build/queue.o
                0x00000000080017f4                vQueueAddToRegistry
 .text.vQueueWaitForMessageRestricted
                0x000000000800181c       0x52 ./thirdparty/cubemx-light-valve-driver/build/queue.o
                0x000000000800181c                vQueueWaitForMessageRestricted
 *fill*         0x000000000800186e        0x2 
 .text.prvResetNextTaskUnblockTime
                0x0000000008001870       0x2c ./thirdparty/cubemx-light-valve-driver/build/tasks.o
 .text.prvInitialiseNewTask
                0x000000000800189c       0x98 ./thirdparty/cubemx-light-valve-driver/build/tasks.o
 .text.prvInitialiseTaskLists
                0x0000000008001934       0x68 ./thirdparty/cubemx-light-valve-driver/build/tasks.o
 .text.prvAddNewTaskToReadyList
                0x000000000800199c       0xac ./thirdparty/cubemx-light-valve-driver/build/tasks.o
 .text.prvDeleteTCB
                0x0000000008001a48       0x38 ./thirdparty/cubemx-light-valve-driver/build/tasks.o
 .text.prvCheckTasksWaitingTermination
                0x0000000008001a80       0x4c ./thirdparty/cubemx-light-valve-driver/build/tasks.o
 .text.prvIdleTask
                0x0000000008001acc       0x28 ./thirdparty/cubemx-light-valve-driver/build/tasks.o
 .text.prvAddCurrentTaskToDelayedList
                0x0000000008001af4       0x7c ./thirdparty/cubemx-light-valve-driver/build/tasks.o
 .text.xTaskCreateStatic
                0x0000000008001b70       0x74 ./thirdparty/cubemx-light-valve-driver/build/tasks.o
                0x0000000008001b70                xTaskCreateStatic
 .text.xTaskCreate
                0x0000000008001be4       0x68 ./thirdparty/cubemx-light-valve-driver/build/tasks.o
                0x0000000008001be4                xTaskCreate
 .text.vTaskStartScheduler
                0x0000000008001c4c       0x9c ./thirdparty/cubemx-light-valve-driver/build/tasks.o
                0x0000000008001c4c                vTaskStartScheduler
 .text.vTaskSuspendAll
                0x0000000008001ce8       0x10 ./thirdparty/cubemx-light-valve-driver/build/tasks.o
                0x0000000008001ce8                vTaskSuspendAll
 .text.xTaskGetTickCount
                0x0000000008001cf8        0xc ./thirdparty/cubemx-light-valve-driver/build/tasks.o
                0x0000000008001cf8                xTaskGetTickCount
 .text.xTaskIncrementTick
                0x0000000008001d04      0x118 ./thirdparty/cubemx-light-valve-driver/build/tasks.o
                0x0000000008001d04                xTaskIncrementTick
 .text.xTaskResumeAll
                0x0000000008001e1c       0xf8 ./thirdparty/cubemx-light-valve-driver/build/tasks.o
                0x0000000008001e1c                xTaskResumeAll
 .text.vTaskDelay
                0x0000000008001f14       0x4c ./thirdparty/cubemx-light-valve-driver/build/tasks.o
                0x0000000008001f14                vTaskDelay
 .text.vTaskSwitchContext
                0x0000000008001f60       0x94 ./thirdparty/cubemx-light-valve-driver/build/tasks.o
                0x0000000008001f60                vTaskSwitchContext
 .text.vTaskPlaceOnEventList
                0x0000000008001ff4       0x30 ./thirdparty/cubemx-light-valve-driver/build/tasks.o
                0x0000000008001ff4                vTaskPlaceOnEventList
 .text.vTaskPlaceOnEventListRestricted
                0x0000000008002024       0x38 ./thirdparty/cubemx-light-valve-driver/build/tasks.o
                0x0000000008002024                vTaskPlaceOnEventListRestricted
 .text.xTaskRemoveFromEventList
                0x000000000800205c       0x8c ./thirdparty/cubemx-light-valve-driver/build/tasks.o
                0x000000000800205c                xTaskRemoveFromEventList
 .text.vTaskInternalSetTimeOutState
                0x00000000080020e8       0x18 ./thirdparty/cubemx-light-valve-driver/build/tasks.o
                0x00000000080020e8                vTaskInternalSetTimeOutState
 .text.xTaskCheckForTimeOut
                0x0000000008002100       0x84 ./thirdparty/cubemx-light-valve-driver/build/tasks.o
                0x0000000008002100                xTaskCheckForTimeOut
 .text.vTaskMissedYield
                0x0000000008002184        0xc ./thirdparty/cubemx-light-valve-driver/build/tasks.o
                0x0000000008002184                vTaskMissedYield
 .text.xTaskGetSchedulerState
                0x0000000008002190       0x20 ./thirdparty/cubemx-light-valve-driver/build/tasks.o
                0x0000000008002190                xTaskGetSchedulerState
 .text.xTaskPriorityDisinherit
                0x00000000080021b0       0x90 ./thirdparty/cubemx-light-valve-driver/build/tasks.o
                0x00000000080021b0                xTaskPriorityDisinherit
 .text.prvGetNextExpireTime
                0x0000000008002240       0x20 ./thirdparty/cubemx-light-valve-driver/build/timers.o
 .text.prvInsertTimerInActiveList
                0x0000000008002260       0x48 ./thirdparty/cubemx-light-valve-driver/build/timers.o
 .text.prvCheckForValidListAndQueue
                0x00000000080022a8       0x70 ./thirdparty/cubemx-light-valve-driver/build/timers.o
 .text.xTimerCreateTimerTask
                0x0000000008002318       0x64 ./thirdparty/cubemx-light-valve-driver/build/timers.o
                0x0000000008002318                xTimerCreateTimerTask
 .text.xTimerGenericCommand
                0x000000000800237c       0x6c ./thirdparty/cubemx-light-valve-driver/build/timers.o
                0x000000000800237c                xTimerGenericCommand
 .text.prvSwitchTimerLists
                0x00000000080023e8       0x78 ./thirdparty/cubemx-light-valve-driver/build/timers.o
 .text.prvSampleTimeNow
                0x0000000008002460       0x2c ./thirdparty/cubemx-light-valve-driver/build/timers.o
 .text.prvProcessExpiredTimer
                0x000000000800248c       0x60 ./thirdparty/cubemx-light-valve-driver/build/timers.o
 .text.prvProcessTimerOrBlockTask
                0x00000000080024ec       0x74 ./thirdparty/cubemx-light-valve-driver/build/timers.o
 .text.prvProcessReceivedCommands
                0x0000000008002560       0xf8 ./thirdparty/cubemx-light-valve-driver/build/timers.o
 .text.prvTimerTask
                0x0000000008002658       0x16 ./thirdparty/cubemx-light-valve-driver/build/timers.o
 *fill*         0x000000000800266e        0x2 
 .text.osKernelInitialize
                0x0000000008002670       0x44 ./thirdparty/cubemx-light-valve-driver/build/cmsis_os2.o
                0x0000000008002670                osKernelInitialize
 .text.osKernelStart
                0x00000000080026b4       0x4c ./thirdparty/cubemx-light-valve-driver/build/cmsis_os2.o
                0x00000000080026b4                osKernelStart
 .text.osThreadNew
                0x0000000008002700       0xec ./thirdparty/cubemx-light-valve-driver/build/cmsis_os2.o
                0x0000000008002700                osThreadNew
 .text.osDelay  0x00000000080027ec       0x44 ./thirdparty/cubemx-light-valve-driver/build/cmsis_os2.o
                0x00000000080027ec                osDelay
 .text.vApplicationGetIdleTaskMemory
                0x0000000008002830       0x18 ./thirdparty/cubemx-light-valve-driver/build/cmsis_os2.o
                0x0000000008002830                vApplicationGetIdleTaskMemory
 .text.vApplicationGetTimerTaskMemory
                0x0000000008002848       0x18 ./thirdparty/cubemx-light-valve-driver/build/cmsis_os2.o
                0x0000000008002848                vApplicationGetTimerTaskMemory
 .text.prvHeapInit
                0x0000000008002860       0x64 ./thirdparty/cubemx-light-valve-driver/build/heap_4.o
 .text.prvInsertBlockIntoFreeList
                0x00000000080028c4       0x60 ./thirdparty/cubemx-light-valve-driver/build/heap_4.o
 .text.pvPortMalloc
                0x0000000008002924       0xf0 ./thirdparty/cubemx-light-valve-driver/build/heap_4.o
                0x0000000008002924                pvPortMalloc
 .text.vPortFree
                0x0000000008002a14       0x70 ./thirdparty/cubemx-light-valve-driver/build/heap_4.o
                0x0000000008002a14                vPortFree
 .text.prvTaskExitError
                0x0000000008002a84       0x40 ./thirdparty/cubemx-light-valve-driver/build/port.o
 .text.prvPortStartFirstTask
                0x0000000008002ac4       0x20 ./thirdparty/cubemx-light-valve-driver/build/port.o
 .text.pxPortInitialiseStack
                0x0000000008002ae4       0x24 ./thirdparty/cubemx-light-valve-driver/build/port.o
                0x0000000008002ae4                pxPortInitialiseStack
 *fill*         0x0000000008002b08        0x8 
 .text.SVC_Handler
                0x0000000008002b10       0x24 ./thirdparty/cubemx-light-valve-driver/build/port.o
                0x0000000008002b10                SVC_Handler
 .text.vPortEnterCritical
                0x0000000008002b34       0x44 ./thirdparty/cubemx-light-valve-driver/build/port.o
                0x0000000008002b34                vPortEnterCritical
 .text.vPortExitCritical
                0x0000000008002b78       0x2c ./thirdparty/cubemx-light-valve-driver/build/port.o
                0x0000000008002b78                vPortExitCritical
 *fill*         0x0000000008002ba4        0xc 
 .text.PendSV_Handler
                0x0000000008002bb0       0x44 ./thirdparty/cubemx-light-valve-driver/build/port.o
                0x0000000008002bb0                PendSV_Handler
 .text.SysTick_Handler
                0x0000000008002bf4       0x2c ./thirdparty/cubemx-light-valve-driver/build/port.o
                0x0000000008002bf4                SysTick_Handler
 .text.vPortSetupTimerInterrupt
                0x0000000008002c20       0x28 ./thirdparty/cubemx-light-valve-driver/build/port.o
                0x0000000008002c20                vPortSetupTimerInterrupt
 .text.xPortStartScheduler
                0x0000000008002c48       0xc0 ./thirdparty/cubemx-light-valve-driver/build/port.o
                0x0000000008002c48                xPortStartScheduler
 .text.vPortValidateInterruptPriority
                0x0000000008002d08       0x5c ./thirdparty/cubemx-light-valve-driver/build/port.o
                0x0000000008002d08                vPortValidateInterruptPriority
 .text.Reset_Handler
                0x0000000008002d64       0x48 ./thirdparty/cubemx-light-valve-driver/build/startup_stm32f103xb.o
                0x0000000008002d64                Reset_Handler
 .text.Default_Handler
                0x0000000008002dac        0x2 ./thirdparty/cubemx-light-valve-driver/build/startup_stm32f103xb.o
                0x0000000008002dac                USBWakeUp_IRQHandler
                0x0000000008002dac                EXTI2_IRQHandler
                0x0000000008002dac                TIM1_CC_IRQHandler
                0x0000000008002dac                PVD_IRQHandler
                0x0000000008002dac                EXTI3_IRQHandler
                0x0000000008002dac                EXTI0_IRQHandler
                0x0000000008002dac                I2C2_EV_IRQHandler
                0x0000000008002dac                ADC1_2_IRQHandler
                0x0000000008002dac                SPI1_IRQHandler
                0x0000000008002dac                TAMPER_IRQHandler
                0x0000000008002dac                DMA1_Channel4_IRQHandler
                0x0000000008002dac                USART3_IRQHandler
                0x0000000008002dac                RTC_IRQHandler
                0x0000000008002dac                DMA1_Channel7_IRQHandler
                0x0000000008002dac                CAN1_RX1_IRQHandler
                0x0000000008002dac                I2C1_EV_IRQHandler
                0x0000000008002dac                TIM3_IRQHandler
                0x0000000008002dac                RCC_IRQHandler
                0x0000000008002dac                TIM1_TRG_COM_IRQHandler
                0x0000000008002dac                DMA1_Channel1_IRQHandler
                0x0000000008002dac                Default_Handler
                0x0000000008002dac                EXTI15_10_IRQHandler
                0x0000000008002dac                EXTI9_5_IRQHandler
                0x0000000008002dac                SPI2_IRQHandler
                0x0000000008002dac                DMA1_Channel5_IRQHandler
                0x0000000008002dac                EXTI4_IRQHandler
                0x0000000008002dac                USB_LP_CAN1_RX0_IRQHandler
                0x0000000008002dac                USB_HP_CAN1_TX_IRQHandler
                0x0000000008002dac                DMA1_Channel3_IRQHandler
                0x0000000008002dac                TIM1_UP_IRQHandler
                0x0000000008002dac                WWDG_IRQHandler
                0x0000000008002dac                TIM1_BRK_IRQHandler
                0x0000000008002dac                EXTI1_IRQHandler
                0x0000000008002dac                I2C2_ER_IRQHandler
                0x0000000008002dac                DMA1_Channel2_IRQHandler
                0x0000000008002dac                CAN1_SCE_IRQHandler
                0x0000000008002dac                FLASH_IRQHandler
                0x0000000008002dac                I2C1_ER_IRQHandler
                0x0000000008002dac                RTC_Alarm_IRQHandler
 .text.memset   0x0000000008002dae       0x10 /Users/brianteam/Downloads/arm-gnu-toolchain-11.3.rel1-darwin-x86_64-arm-none-eabi/bin/../lib/gcc/arm-none-eabi/11.3.1/../../../../arm-none-eabi/lib/thumb/v7-m/nofp/libc_nano.a(libc_a-memset.o)
                0x0000000008002dae                memset
 *fill*         0x0000000008002dbe        0x2 
 .text.__libc_init_array
                0x0000000008002dc0       0x48 /Users/brianteam/Downloads/arm-gnu-toolchain-11.3.rel1-darwin-x86_64-arm-none-eabi/bin/../lib/gcc/arm-none-eabi/11.3.1/../../../../arm-none-eabi/lib/thumb/v7-m/nofp/libc_nano.a(libc_a-init.o)
                0x0000000008002dc0                __libc_init_array
 .text.memcpy   0x0000000008002e08       0x1c /Users/brianteam/Downloads/arm-gnu-toolchain-11.3.rel1-darwin-x86_64-arm-none-eabi/bin/../lib/gcc/arm-none-eabi/11.3.1/../../../../arm-none-eabi/lib/thumb/v7-m/nofp/libc_nano.a(libc_a-memcpy-stub.o)
                0x0000000008002e08                memcpy
 *(.glue_7)
 .glue_7        0x0000000008002e24        0x0 linker stubs
 *(.glue_7t)
 .glue_7t       0x0000000008002e24        0x0 linker stubs
 *(.eh_frame)
 .eh_frame      0x0000000008002e24        0x0 /Users/brianteam/Downloads/arm-gnu-toolchain-11.3.rel1-darwin-x86_64-arm-none-eabi/bin/../lib/gcc/arm-none-eabi/11.3.1/thumb/v7-m/nofp/crtbegin.o
 *(.init)
 .init          0x0000000008002e24        0x4 /Users/brianteam/Downloads/arm-gnu-toolchain-11.3.rel1-darwin-x86_64-arm-none-eabi/bin/../lib/gcc/arm-none-eabi/11.3.1/thumb/v7-m/nofp/crti.o
                0x0000000008002e24                _init
 .init          0x0000000008002e28        0x8 /Users/brianteam/Downloads/arm-gnu-toolchain-11.3.rel1-darwin-x86_64-arm-none-eabi/bin/../lib/gcc/arm-none-eabi/11.3.1/thumb/v7-m/nofp/crtn.o
 *(.fini)
 .fini          0x0000000008002e30        0x4 /Users/brianteam/Downloads/arm-gnu-toolchain-11.3.rel1-darwin-x86_64-arm-none-eabi/bin/../lib/gcc/arm-none-eabi/11.3.1/thumb/v7-m/nofp/crti.o
                0x0000000008002e30                _fini
 .fini          0x0000000008002e34        0x8 /Users/brianteam/Downloads/arm-gnu-toolchain-11.3.rel1-darwin-x86_64-arm-none-eabi/bin/../lib/gcc/arm-none-eabi/11.3.1/thumb/v7-m/nofp/crtn.o
                0x0000000008002e3c                . = ALIGN (0x4)
                0x0000000008002e3c                _etext = .

.vfp11_veneer   0x0000000008002e3c        0x0
 .vfp11_veneer  0x0000000008002e3c        0x0 linker stubs

.v4_bx          0x0000000008002e3c        0x0
 .v4_bx         0x0000000008002e3c        0x0 linker stubs

.iplt           0x0000000008002e3c        0x0
 .iplt          0x0000000008002e3c        0x0 /Users/brianteam/Downloads/arm-gnu-toolchain-11.3.rel1-darwin-x86_64-arm-none-eabi/bin/../lib/gcc/arm-none-eabi/11.3.1/thumb/v7-m/nofp/crtbegin.o

.rodata         0x0000000008002e3c       0x60
                0x0000000008002e3c                . = ALIGN (0x4)
 *(.rodata)
 *(.rodata*)
 .rodata.str1.4
                0x0000000008002e3c        0xc ./thirdparty/cubemx-light-valve-driver/build/main.o
 .rodata.defaultTask_attributes
                0x0000000008002e48       0x24 ./thirdparty/cubemx-light-valve-driver/build/main.o
                0x0000000008002e48                defaultTask_attributes
 .rodata.AHBPrescTable
                0x0000000008002e6c       0x10 ./thirdparty/cubemx-light-valve-driver/build/system_stm32f1xx.o
                0x0000000008002e6c                AHBPrescTable
 .rodata.APBPrescTable
                0x0000000008002e7c        0x8 ./thirdparty/cubemx-light-valve-driver/build/system_stm32f1xx.o
                0x0000000008002e7c                APBPrescTable
 .rodata.vTaskStartScheduler.str1.4
                0x0000000008002e84        0x5 ./thirdparty/cubemx-light-valve-driver/build/tasks.o
 *fill*         0x0000000008002e89        0x3 
 .rodata.prvCheckForValidListAndQueue.str1.4
                0x0000000008002e8c        0x5 ./thirdparty/cubemx-light-valve-driver/build/timers.o
 *fill*         0x0000000008002e91        0x3 
 .rodata.xTimerCreateTimerTask.str1.4
                0x0000000008002e94        0x8 ./thirdparty/cubemx-light-valve-driver/build/timers.o
                0x0000000008002e9c                . = ALIGN (0x4)

.rel.dyn        0x0000000008002e9c        0x0
 .rel.iplt      0x0000000008002e9c        0x0 /Users/brianteam/Downloads/arm-gnu-toolchain-11.3.rel1-darwin-x86_64-arm-none-eabi/bin/../lib/gcc/arm-none-eabi/11.3.1/thumb/v7-m/nofp/crtbegin.o

.ARM.extab
 *(.ARM.extab* .gnu.linkonce.armextab.*)

.ARM            0x0000000008002e9c        0x0
                0x0000000008002e9c                __exidx_start = .
 *(.ARM.exidx*)
                0x0000000008002e9c                __exidx_end = .

.preinit_array  0x0000000008002e9c        0x0
                0x0000000008002e9c                PROVIDE (__preinit_array_start = .)
 *(.preinit_array*)
                0x0000000008002e9c                PROVIDE (__preinit_array_end = .)

.init_array     0x0000000008002e9c        0x4
                0x0000000008002e9c                PROVIDE (__init_array_start = .)
 *(SORT_BY_NAME(.init_array.*))
 *(.init_array*)
 .init_array    0x0000000008002e9c        0x4 /Users/brianteam/Downloads/arm-gnu-toolchain-11.3.rel1-darwin-x86_64-arm-none-eabi/bin/../lib/gcc/arm-none-eabi/11.3.1/thumb/v7-m/nofp/crtbegin.o
                0x0000000008002ea0                PROVIDE (__init_array_end = .)

.fini_array     0x0000000008002ea0        0x4
                [!provide]                        PROVIDE (__fini_array_start = .)
 *(SORT_BY_NAME(.fini_array.*))
 *(.fini_array*)
 .fini_array    0x0000000008002ea0        0x4 /Users/brianteam/Downloads/arm-gnu-toolchain-11.3.rel1-darwin-x86_64-arm-none-eabi/bin/../lib/gcc/arm-none-eabi/11.3.1/thumb/v7-m/nofp/crtbegin.o
                [!provide]                        PROVIDE (__fini_array_end = .)
                0x0000000008002ea4                _sidata = LOADADDR (.data)

.data           0x0000000020000000       0x10 load address 0x0000000008002ea4
                0x0000000020000000                . = ALIGN (0x4)
                0x0000000020000000                _sdata = .
 *(.data)
 *(.data*)
 .data.uwTickFreq
                0x0000000020000000        0x1 ./thirdparty/cubemx-light-valve-driver/build/stm32f1xx_hal.o
                0x0000000020000000                uwTickFreq
 *fill*         0x0000000020000001        0x3 
 .data.uwTickPrio
                0x0000000020000004        0x4 ./thirdparty/cubemx-light-valve-driver/build/stm32f1xx_hal.o
                0x0000000020000004                uwTickPrio
 .data.SystemCoreClock
                0x0000000020000008        0x4 ./thirdparty/cubemx-light-valve-driver/build/system_stm32f1xx.o
                0x0000000020000008                SystemCoreClock
 .data.uxCriticalNesting
                0x000000002000000c        0x4 ./thirdparty/cubemx-light-valve-driver/build/port.o
                0x0000000020000010                . = ALIGN (0x4)
                0x0000000020000010                _edata = .

.tm_clone_table
                0x0000000020000010        0x0 load address 0x0000000008002eb4
 .tm_clone_table
                0x0000000020000010        0x0 /Users/brianteam/Downloads/arm-gnu-toolchain-11.3.rel1-darwin-x86_64-arm-none-eabi/bin/../lib/gcc/arm-none-eabi/11.3.1/thumb/v7-m/nofp/crtbegin.o
 .tm_clone_table
                0x0000000020000010        0x0 /Users/brianteam/Downloads/arm-gnu-toolchain-11.3.rel1-darwin-x86_64-arm-none-eabi/bin/../lib/gcc/arm-none-eabi/11.3.1/thumb/v7-m/nofp/crtend.o

.igot.plt       0x0000000020000010        0x0 load address 0x0000000008002eb4
 .igot.plt      0x0000000020000010        0x0 /Users/brianteam/Downloads/arm-gnu-toolchain-11.3.rel1-darwin-x86_64-arm-none-eabi/bin/../lib/gcc/arm-none-eabi/11.3.1/thumb/v7-m/nofp/crtbegin.o
                0x0000000020000010                . = ALIGN (0x4)

.bss            0x0000000020000010     0x19b4 load address 0x0000000008002eb4
                0x0000000020000010                _sbss = .
                0x0000000020000010                __bss_start__ = _sbss
 *(.bss)
 *(.bss*)
 .bss.completed.1
                0x0000000020000010        0x1 /Users/brianteam/Downloads/arm-gnu-toolchain-11.3.rel1-darwin-x86_64-arm-none-eabi/bin/../lib/gcc/arm-none-eabi/11.3.1/thumb/v7-m/nofp/crtbegin.o
 *fill*         0x0000000020000011        0x3 
 .bss.object.0  0x0000000020000014       0x18 /Users/brianteam/Downloads/arm-gnu-toolchain-11.3.rel1-darwin-x86_64-arm-none-eabi/bin/../lib/gcc/arm-none-eabi/11.3.1/thumb/v7-m/nofp/crtbegin.o
 .bss.defaultTaskHandle
                0x000000002000002c        0x4 ./thirdparty/cubemx-light-valve-driver/build/main.o
                0x000000002000002c                defaultTaskHandle
 .bss.htim4     0x0000000020000030       0x48 ./thirdparty/cubemx-light-valve-driver/build/stm32f1xx_hal_timebase_tim.o
                0x0000000020000030                htim4
 .bss.uwTick    0x0000000020000078        0x4 ./thirdparty/cubemx-light-valve-driver/build/stm32f1xx_hal.o
                0x0000000020000078                uwTick
 .bss.xQueueRegistry
                0x000000002000007c       0x40 ./thirdparty/cubemx-light-valve-driver/build/queue.o
                0x000000002000007c                xQueueRegistry
 .bss.pxCurrentTCB
                0x00000000200000bc        0x4 ./thirdparty/cubemx-light-valve-driver/build/tasks.o
                0x00000000200000bc                pxCurrentTCB
 .bss.pxDelayedTaskList
                0x00000000200000c0        0x4 ./thirdparty/cubemx-light-valve-driver/build/tasks.o
 .bss.pxOverflowDelayedTaskList
                0x00000000200000c4        0x4 ./thirdparty/cubemx-light-valve-driver/build/tasks.o
 .bss.pxReadyTasksLists
                0x00000000200000c8      0x460 ./thirdparty/cubemx-light-valve-driver/build/tasks.o
 .bss.uxCurrentNumberOfTasks
                0x0000000020000528        0x4 ./thirdparty/cubemx-light-valve-driver/build/tasks.o
 .bss.uxDeletedTasksWaitingCleanUp
                0x000000002000052c        0x4 ./thirdparty/cubemx-light-valve-driver/build/tasks.o
 .bss.uxPendedTicks
                0x0000000020000530        0x4 ./thirdparty/cubemx-light-valve-driver/build/tasks.o
 .bss.uxSchedulerSuspended
                0x0000000020000534        0x4 ./thirdparty/cubemx-light-valve-driver/build/tasks.o
 .bss.uxTaskNumber
                0x0000000020000538        0x4 ./thirdparty/cubemx-light-valve-driver/build/tasks.o
 .bss.uxTopReadyPriority
                0x000000002000053c        0x4 ./thirdparty/cubemx-light-valve-driver/build/tasks.o
 .bss.xDelayedTaskList1
                0x0000000020000540       0x14 ./thirdparty/cubemx-light-valve-driver/build/tasks.o
 .bss.xDelayedTaskList2
                0x0000000020000554       0x14 ./thirdparty/cubemx-light-valve-driver/build/tasks.o
 .bss.xIdleTaskHandle
                0x0000000020000568        0x4 ./thirdparty/cubemx-light-valve-driver/build/tasks.o
 .bss.xNextTaskUnblockTime
                0x000000002000056c        0x4 ./thirdparty/cubemx-light-valve-driver/build/tasks.o
 .bss.xNumOfOverflows
                0x0000000020000570        0x4 ./thirdparty/cubemx-light-valve-driver/build/tasks.o
 .bss.xPendingReadyList
                0x0000000020000574       0x14 ./thirdparty/cubemx-light-valve-driver/build/tasks.o
 .bss.xSchedulerRunning
                0x0000000020000588        0x4 ./thirdparty/cubemx-light-valve-driver/build/tasks.o
 .bss.xSuspendedTaskList
                0x000000002000058c       0x14 ./thirdparty/cubemx-light-valve-driver/build/tasks.o
 .bss.xTasksWaitingTermination
                0x00000000200005a0       0x14 ./thirdparty/cubemx-light-valve-driver/build/tasks.o
 .bss.xTickCount
                0x00000000200005b4        0x4 ./thirdparty/cubemx-light-valve-driver/build/tasks.o
 .bss.xYieldPending
                0x00000000200005b8        0x4 ./thirdparty/cubemx-light-valve-driver/build/tasks.o
 .bss.pxCurrentTimerList
                0x00000000200005bc        0x4 ./thirdparty/cubemx-light-valve-driver/build/timers.o
 .bss.pxOverflowTimerList
                0x00000000200005c0        0x4 ./thirdparty/cubemx-light-valve-driver/build/timers.o
 .bss.ucStaticTimerQueueStorage.1
                0x00000000200005c4       0xa0 ./thirdparty/cubemx-light-valve-driver/build/timers.o
 .bss.xActiveTimerList1
                0x0000000020000664       0x14 ./thirdparty/cubemx-light-valve-driver/build/timers.o
 .bss.xActiveTimerList2
                0x0000000020000678       0x14 ./thirdparty/cubemx-light-valve-driver/build/timers.o
 .bss.xLastTime.2
                0x000000002000068c        0x4 ./thirdparty/cubemx-light-valve-driver/build/timers.o
 .bss.xStaticTimerQueue.0
                0x0000000020000690       0x50 ./thirdparty/cubemx-light-valve-driver/build/timers.o
 .bss.xTimerQueue
                0x00000000200006e0        0x4 ./thirdparty/cubemx-light-valve-driver/build/timers.o
 .bss.xTimerTaskHandle
                0x00000000200006e4        0x4 ./thirdparty/cubemx-light-valve-driver/build/timers.o
 .bss.Idle_Stack
                0x00000000200006e8      0x200 ./thirdparty/cubemx-light-valve-driver/build/cmsis_os2.o
 .bss.Idle_TCB  0x00000000200008e8       0x5c ./thirdparty/cubemx-light-valve-driver/build/cmsis_os2.o
 .bss.KernelState
                0x0000000020000944        0x4 ./thirdparty/cubemx-light-valve-driver/build/cmsis_os2.o
 .bss.Timer_Stack
                0x0000000020000948      0x400 ./thirdparty/cubemx-light-valve-driver/build/cmsis_os2.o
 .bss.Timer_TCB
                0x0000000020000d48       0x5c ./thirdparty/cubemx-light-valve-driver/build/cmsis_os2.o
 .bss.pxEnd     0x0000000020000da4        0x4 ./thirdparty/cubemx-light-valve-driver/build/heap_4.o
 .bss.ucHeap    0x0000000020000da8      0xc00 ./thirdparty/cubemx-light-valve-driver/build/heap_4.o
 .bss.xBlockAllocatedBit
                0x00000000200019a8        0x4 ./thirdparty/cubemx-light-valve-driver/build/heap_4.o
 .bss.xFreeBytesRemaining
                0x00000000200019ac        0x4 ./thirdparty/cubemx-light-valve-driver/build/heap_4.o
 .bss.xMinimumEverFreeBytesRemaining
                0x00000000200019b0        0x4 ./thirdparty/cubemx-light-valve-driver/build/heap_4.o
 .bss.xStart    0x00000000200019b4        0x8 ./thirdparty/cubemx-light-valve-driver/build/heap_4.o
 .bss.ucMaxSysCallPriority
                0x00000000200019bc        0x1 ./thirdparty/cubemx-light-valve-driver/build/port.o
 *fill*         0x00000000200019bd        0x3 
 .bss.ulMaxPRIGROUPValue
                0x00000000200019c0        0x4 ./thirdparty/cubemx-light-valve-driver/build/port.o
 *(COMMON)
                0x00000000200019c4                . = ALIGN (0x4)
                0x00000000200019c4                _ebss = .
                0x00000000200019c4                __bss_end__ = _ebss

._user_heap_stack
                0x00000000200019c4      0x604 load address 0x0000000008002eb4
                0x00000000200019c8                . = ALIGN (0x8)
 *fill*         0x00000000200019c4        0x4 
                0x00000000200019c8                PROVIDE (end = .)
                [!provide]                        PROVIDE (_end = .)
                0x0000000020001bc8                . = (. + _Min_Heap_Size)
 *fill*         0x00000000200019c8      0x200 
                0x0000000020001fc8                . = (. + _Min_Stack_Size)
 *fill*         0x0000000020001bc8      0x400 
                0x0000000020001fc8                . = ALIGN (0x8)

/DISCARD/
 libc.a(*)
 libm.a(*)
 libgcc.a(*)

.ARM.attributes
                0x0000000000000000       0x29
 *(.ARM.attributes)
 .ARM.attributes
                0x0000000000000000       0x1d /Users/brianteam/Downloads/arm-gnu-toolchain-11.3.rel1-darwin-x86_64-arm-none-eabi/bin/../lib/gcc/arm-none-eabi/11.3.1/thumb/v7-m/nofp/crti.o
 .ARM.attributes
                0x000000000000001d       0x2d /Users/brianteam/Downloads/arm-gnu-toolchain-11.3.rel1-darwin-x86_64-arm-none-eabi/bin/../lib/gcc/arm-none-eabi/11.3.1/thumb/v7-m/nofp/crtbegin.o
 .ARM.attributes
                0x000000000000004a       0x2d ./thirdparty/cubemx-light-valve-driver/build/main.o
 .ARM.attributes
                0x0000000000000077       0x2d ./thirdparty/cubemx-light-valve-driver/build/stm32f1xx_it.o
 .ARM.attributes
                0x00000000000000a4       0x2d ./thirdparty/cubemx-light-valve-driver/build/stm32f1xx_hal_msp.o
 .ARM.attributes
                0x00000000000000d1       0x2d ./thirdparty/cubemx-light-valve-driver/build/stm32f1xx_hal_timebase_tim.o
 .ARM.attributes
                0x00000000000000fe       0x2d ./thirdparty/cubemx-light-valve-driver/build/stm32f1xx_ll_gpio.o
 .ARM.attributes
                0x000000000000012b       0x2d ./thirdparty/cubemx-light-valve-driver/build/stm32f1xx_ll_rcc.o
 .ARM.attributes
                0x0000000000000158       0x2d ./thirdparty/cubemx-light-valve-driver/build/stm32f1xx_ll_utils.o
 .ARM.attributes
                0x0000000000000185       0x2d ./thirdparty/cubemx-light-valve-driver/build/stm32f1xx_hal.o
 .ARM.attributes
                0x00000000000001b2       0x2d ./thirdparty/cubemx-light-valve-driver/build/stm32f1xx_hal_rcc.o
 .ARM.attributes
                0x00000000000001df       0x2d ./thirdparty/cubemx-light-valve-driver/build/stm32f1xx_hal_cortex.o
 .ARM.attributes
                0x000000000000020c       0x2d ./thirdparty/cubemx-light-valve-driver/build/stm32f1xx_hal_tim.o
 .ARM.attributes
                0x0000000000000239       0x2d ./thirdparty/cubemx-light-valve-driver/build/stm32f1xx_hal_tim_ex.o
 .ARM.attributes
                0x0000000000000266       0x2d ./thirdparty/cubemx-light-valve-driver/build/stm32f1xx_ll_tim.o
 .ARM.attributes
                0x0000000000000293       0x2d ./thirdparty/cubemx-light-valve-driver/build/stm32f1xx_ll_usart.o
 .ARM.attributes
                0x00000000000002c0       0x2d ./thirdparty/cubemx-light-valve-driver/build/system_stm32f1xx.o
 .ARM.attributes
                0x00000000000002ed       0x2d ./thirdparty/cubemx-light-valve-driver/build/list.o
 .ARM.attributes
                0x000000000000031a       0x2d ./thirdparty/cubemx-light-valve-driver/build/queue.o
 .ARM.attributes
                0x0000000000000347       0x2d ./thirdparty/cubemx-light-valve-driver/build/tasks.o
 .ARM.attributes
                0x0000000000000374       0x2d ./thirdparty/cubemx-light-valve-driver/build/timers.o
 .ARM.attributes
                0x00000000000003a1       0x2d ./thirdparty/cubemx-light-valve-driver/build/cmsis_os2.o
 .ARM.attributes
                0x00000000000003ce       0x2d ./thirdparty/cubemx-light-valve-driver/build/heap_4.o
 .ARM.attributes
                0x00000000000003fb       0x2d ./thirdparty/cubemx-light-valve-driver/build/port.o
 .ARM.attributes
                0x0000000000000428       0x21 ./thirdparty/cubemx-light-valve-driver/build/startup_stm32f103xb.o
 .ARM.attributes
                0x0000000000000449       0x2d /Users/brianteam/Downloads/arm-gnu-toolchain-11.3.rel1-darwin-x86_64-arm-none-eabi/bin/../lib/gcc/arm-none-eabi/11.3.1/../../../../arm-none-eabi/lib/thumb/v7-m/nofp/libc_nano.a(libc_a-memset.o)
 .ARM.attributes
                0x0000000000000476       0x2d /Users/brianteam/Downloads/arm-gnu-toolchain-11.3.rel1-darwin-x86_64-arm-none-eabi/bin/../lib/gcc/arm-none-eabi/11.3.1/../../../../arm-none-eabi/lib/thumb/v7-m/nofp/libc_nano.a(libc_a-init.o)
 .ARM.attributes
                0x00000000000004a3       0x2d /Users/brianteam/Downloads/arm-gnu-toolchain-11.3.rel1-darwin-x86_64-arm-none-eabi/bin/../lib/gcc/arm-none-eabi/11.3.1/../../../../arm-none-eabi/lib/thumb/v7-m/nofp/libc_nano.a(libc_a-memcpy-stub.o)
 .ARM.attributes
                0x00000000000004d0       0x2d /Users/brianteam/Downloads/arm-gnu-toolchain-11.3.rel1-darwin-x86_64-arm-none-eabi/bin/../lib/gcc/arm-none-eabi/11.3.1/thumb/v7-m/nofp/crtend.o
 .ARM.attributes
                0x00000000000004fd       0x1d /Users/brianteam/Downloads/arm-gnu-toolchain-11.3.rel1-darwin-x86_64-arm-none-eabi/bin/../lib/gcc/arm-none-eabi/11.3.1/thumb/v7-m/nofp/crtn.o
OUTPUT(out//cubemx-light-valve-driver.elf elf32-littlearm)
LOAD linker stubs
LOAD /Users/brianteam/Downloads/arm-gnu-toolchain-11.3.rel1-darwin-x86_64-arm-none-eabi/bin/../lib/gcc/arm-none-eabi/11.3.1/../../../../arm-none-eabi/lib/thumb/v7-m/nofp/libc.a
LOAD /Users/brianteam/Downloads/arm-gnu-toolchain-11.3.rel1-darwin-x86_64-arm-none-eabi/bin/../lib/gcc/arm-none-eabi/11.3.1/../../../../arm-none-eabi/lib/thumb/v7-m/nofp/libm.a
LOAD /Users/brianteam/Downloads/arm-gnu-toolchain-11.3.rel1-darwin-x86_64-arm-none-eabi/bin/../lib/gcc/arm-none-eabi/11.3.1/thumb/v7-m/nofp/libgcc.a

.comment        0x0000000000000000       0x33
 .comment       0x0000000000000000       0x33 /Users/brianteam/Downloads/arm-gnu-toolchain-11.3.rel1-darwin-x86_64-arm-none-eabi/bin/../lib/gcc/arm-none-eabi/11.3.1/thumb/v7-m/nofp/crtbegin.o
                                         0x34 (size before relaxing)
 .comment       0x0000000000000033       0x34 ./thirdparty/cubemx-light-valve-driver/build/main.o
 .comment       0x0000000000000033       0x34 ./thirdparty/cubemx-light-valve-driver/build/stm32f1xx_it.o
 .comment       0x0000000000000033       0x34 ./thirdparty/cubemx-light-valve-driver/build/stm32f1xx_hal_msp.o
 .comment       0x0000000000000033       0x34 ./thirdparty/cubemx-light-valve-driver/build/stm32f1xx_hal_timebase_tim.o
 .comment       0x0000000000000033       0x34 ./thirdparty/cubemx-light-valve-driver/build/stm32f1xx_ll_gpio.o
 .comment       0x0000000000000033       0x34 ./thirdparty/cubemx-light-valve-driver/build/stm32f1xx_ll_rcc.o
 .comment       0x0000000000000033       0x34 ./thirdparty/cubemx-light-valve-driver/build/stm32f1xx_ll_utils.o
 .comment       0x0000000000000033       0x34 ./thirdparty/cubemx-light-valve-driver/build/stm32f1xx_hal.o
 .comment       0x0000000000000033       0x34 ./thirdparty/cubemx-light-valve-driver/build/stm32f1xx_hal_rcc.o
 .comment       0x0000000000000033       0x34 ./thirdparty/cubemx-light-valve-driver/build/stm32f1xx_hal_cortex.o
 .comment       0x0000000000000033       0x34 ./thirdparty/cubemx-light-valve-driver/build/stm32f1xx_hal_tim.o
 .comment       0x0000000000000033       0x34 ./thirdparty/cubemx-light-valve-driver/build/stm32f1xx_hal_tim_ex.o
 .comment       0x0000000000000033       0x34 ./thirdparty/cubemx-light-valve-driver/build/stm32f1xx_ll_tim.o
 .comment       0x0000000000000033       0x34 ./thirdparty/cubemx-light-valve-driver/build/stm32f1xx_ll_usart.o
 .comment       0x0000000000000033       0x34 ./thirdparty/cubemx-light-valve-driver/build/system_stm32f1xx.o
 .comment       0x0000000000000033       0x34 ./thirdparty/cubemx-light-valve-driver/build/list.o
 .comment       0x0000000000000033       0x34 ./thirdparty/cubemx-light-valve-driver/build/queue.o
 .comment       0x0000000000000033       0x34 ./thirdparty/cubemx-light-valve-driver/build/tasks.o
 .comment       0x0000000000000033       0x34 ./thirdparty/cubemx-light-valve-driver/build/timers.o
 .comment       0x0000000000000033       0x34 ./thirdparty/cubemx-light-valve-driver/build/cmsis_os2.o
 .comment       0x0000000000000033       0x34 ./thirdparty/cubemx-light-valve-driver/build/heap_4.o
 .comment       0x0000000000000033       0x34 ./thirdparty/cubemx-light-valve-driver/build/port.o
 .comment       0x0000000000000033       0x34 /Users/brianteam/Downloads/arm-gnu-toolchain-11.3.rel1-darwin-x86_64-arm-none-eabi/bin/../lib/gcc/arm-none-eabi/11.3.1/../../../../arm-none-eabi/lib/thumb/v7-m/nofp/libc_nano.a(libc_a-memset.o)
 .comment       0x0000000000000033       0x34 /Users/brianteam/Downloads/arm-gnu-toolchain-11.3.rel1-darwin-x86_64-arm-none-eabi/bin/../lib/gcc/arm-none-eabi/11.3.1/../../../../arm-none-eabi/lib/thumb/v7-m/nofp/libc_nano.a(libc_a-init.o)
 .comment       0x0000000000000033       0x34 /Users/brianteam/Downloads/arm-gnu-toolchain-11.3.rel1-darwin-x86_64-arm-none-eabi/bin/../lib/gcc/arm-none-eabi/11.3.1/../../../../arm-none-eabi/lib/thumb/v7-m/nofp/libc_nano.a(libc_a-memcpy-stub.o)
 .comment       0x0000000000000033       0x34 /Users/brianteam/Downloads/arm-gnu-toolchain-11.3.rel1-darwin-x86_64-arm-none-eabi/bin/../lib/gcc/arm-none-eabi/11.3.1/thumb/v7-m/nofp/crtend.o

.debug_info     0x0000000000000000    0x1d01c
 .debug_info    0x0000000000000000     0x280e ./thirdparty/cubemx-light-valve-driver/build/main.o
 .debug_info    0x000000000000280e      0x858 ./thirdparty/cubemx-light-valve-driver/build/stm32f1xx_it.o
 .debug_info    0x0000000000003066      0x473 ./thirdparty/cubemx-light-valve-driver/build/stm32f1xx_hal_msp.o
 .debug_info    0x00000000000034d9      0xb57 ./thirdparty/cubemx-light-valve-driver/build/stm32f1xx_hal_timebase_tim.o
 .debug_info    0x0000000000004030      0x8f7 ./thirdparty/cubemx-light-valve-driver/build/stm32f1xx_ll_gpio.o
 .debug_info    0x0000000000004927      0x7e1 ./thirdparty/cubemx-light-valve-driver/build/stm32f1xx_ll_rcc.o
 .debug_info    0x0000000000005108      0xbc2 ./thirdparty/cubemx-light-valve-driver/build/stm32f1xx_ll_utils.o
 .debug_info    0x0000000000005cca      0x880 ./thirdparty/cubemx-light-valve-driver/build/stm32f1xx_hal.o
 .debug_info    0x000000000000654a      0xb0c ./thirdparty/cubemx-light-valve-driver/build/stm32f1xx_hal_rcc.o
 .debug_info    0x0000000000007056      0xe33 ./thirdparty/cubemx-light-valve-driver/build/stm32f1xx_hal_cortex.o
 .debug_info    0x0000000000007e89     0x3e57 ./thirdparty/cubemx-light-valve-driver/build/stm32f1xx_hal_tim.o
 .debug_info    0x000000000000bce0     0x1c4f ./thirdparty/cubemx-light-valve-driver/build/stm32f1xx_hal_tim_ex.o
 .debug_info    0x000000000000d92f     0x12e3 ./thirdparty/cubemx-light-valve-driver/build/stm32f1xx_ll_tim.o
 .debug_info    0x000000000000ec12      0x811 ./thirdparty/cubemx-light-valve-driver/build/stm32f1xx_ll_usart.o
 .debug_info    0x000000000000f423      0x26e ./thirdparty/cubemx-light-valve-driver/build/system_stm32f1xx.o
 .debug_info    0x000000000000f691      0x309 ./thirdparty/cubemx-light-valve-driver/build/list.o
 .debug_info    0x000000000000f99a     0x2927 ./thirdparty/cubemx-light-valve-driver/build/queue.o
 .debug_info    0x00000000000122c1     0x3219 ./thirdparty/cubemx-light-valve-driver/build/tasks.o
 .debug_info    0x00000000000154da     0x1bca ./thirdparty/cubemx-light-valve-driver/build/timers.o
 .debug_info    0x00000000000170a4     0x5246 ./thirdparty/cubemx-light-valve-driver/build/cmsis_os2.o
 .debug_info    0x000000000001c2ea      0x4a1 ./thirdparty/cubemx-light-valve-driver/build/heap_4.o
 .debug_info    0x000000000001c78b      0x563 ./thirdparty/cubemx-light-valve-driver/build/port.o
 .debug_info    0x000000000001ccee       0x22 ./thirdparty/cubemx-light-valve-driver/build/startup_stm32f103xb.o
 .debug_info    0x000000000001cd10       0xe0 /Users/brianteam/Downloads/arm-gnu-toolchain-11.3.rel1-darwin-x86_64-arm-none-eabi/bin/../lib/gcc/arm-none-eabi/11.3.1/../../../../arm-none-eabi/lib/thumb/v7-m/nofp/libc_nano.a(libc_a-memset.o)
 .debug_info    0x000000000001cdf0      0x10b /Users/brianteam/Downloads/arm-gnu-toolchain-11.3.rel1-darwin-x86_64-arm-none-eabi/bin/../lib/gcc/arm-none-eabi/11.3.1/../../../../arm-none-eabi/lib/thumb/v7-m/nofp/libc_nano.a(libc_a-init.o)
 .debug_info    0x000000000001cefb      0x121 /Users/brianteam/Downloads/arm-gnu-toolchain-11.3.rel1-darwin-x86_64-arm-none-eabi/bin/../lib/gcc/arm-none-eabi/11.3.1/../../../../arm-none-eabi/lib/thumb/v7-m/nofp/libc_nano.a(libc_a-memcpy-stub.o)

.debug_abbrev   0x0000000000000000     0x3f28
 .debug_abbrev  0x0000000000000000      0x416 ./thirdparty/cubemx-light-valve-driver/build/main.o
 .debug_abbrev  0x0000000000000416      0x195 ./thirdparty/cubemx-light-valve-driver/build/stm32f1xx_it.o
 .debug_abbrev  0x00000000000005ab      0x14e ./thirdparty/cubemx-light-valve-driver/build/stm32f1xx_hal_msp.o
 .debug_abbrev  0x00000000000006f9      0x22d ./thirdparty/cubemx-light-valve-driver/build/stm32f1xx_hal_timebase_tim.o
 .debug_abbrev  0x0000000000000926      0x26a ./thirdparty/cubemx-light-valve-driver/build/stm32f1xx_ll_gpio.o
 .debug_abbrev  0x0000000000000b90      0x2d3 ./thirdparty/cubemx-light-valve-driver/build/stm32f1xx_ll_rcc.o
 .debug_abbrev  0x0000000000000e63      0x311 ./thirdparty/cubemx-light-valve-driver/build/stm32f1xx_ll_utils.o
 .debug_abbrev  0x0000000000001174      0x232 ./thirdparty/cubemx-light-valve-driver/build/stm32f1xx_hal.o
 .debug_abbrev  0x00000000000013a6      0x2b8 ./thirdparty/cubemx-light-valve-driver/build/stm32f1xx_hal_rcc.o
 .debug_abbrev  0x000000000000165e      0x348 ./thirdparty/cubemx-light-valve-driver/build/stm32f1xx_hal_cortex.o
 .debug_abbrev  0x00000000000019a6      0x2b6 ./thirdparty/cubemx-light-valve-driver/build/stm32f1xx_hal_tim.o
 .debug_abbrev  0x0000000000001c5c      0x2b0 ./thirdparty/cubemx-light-valve-driver/build/stm32f1xx_hal_tim_ex.o
 .debug_abbrev  0x0000000000001f0c      0x2c0 ./thirdparty/cubemx-light-valve-driver/build/stm32f1xx_ll_tim.o
 .debug_abbrev  0x00000000000021cc      0x2b0 ./thirdparty/cubemx-light-valve-driver/build/stm32f1xx_ll_usart.o
 .debug_abbrev  0x000000000000247c      0x140 ./thirdparty/cubemx-light-valve-driver/build/system_stm32f1xx.o
 .debug_abbrev  0x00000000000025bc      0x124 ./thirdparty/cubemx-light-valve-driver/build/list.o
 .debug_abbrev  0x00000000000026e0      0x454 ./thirdparty/cubemx-light-valve-driver/build/queue.o
 .debug_abbrev  0x0000000000002b34      0x400 ./thirdparty/cubemx-light-valve-driver/build/tasks.o
 .debug_abbrev  0x0000000000002f34      0x3cb ./thirdparty/cubemx-light-valve-driver/build/timers.o
 .debug_abbrev  0x00000000000032ff      0x4c6 ./thirdparty/cubemx-light-valve-driver/build/cmsis_os2.o
 .debug_abbrev  0x00000000000037c5      0x267 ./thirdparty/cubemx-light-valve-driver/build/heap_4.o
 .debug_abbrev  0x0000000000003a2c      0x2c2 ./thirdparty/cubemx-light-valve-driver/build/port.o
 .debug_abbrev  0x0000000000003cee       0x12 ./thirdparty/cubemx-light-valve-driver/build/startup_stm32f103xb.o
 .debug_abbrev  0x0000000000003d00       0x9e /Users/brianteam/Downloads/arm-gnu-toolchain-11.3.rel1-darwin-x86_64-arm-none-eabi/bin/../lib/gcc/arm-none-eabi/11.3.1/../../../../arm-none-eabi/lib/thumb/v7-m/nofp/libc_nano.a(libc_a-memset.o)
 .debug_abbrev  0x0000000000003d9e       0xc9 /Users/brianteam/Downloads/arm-gnu-toolchain-11.3.rel1-darwin-x86_64-arm-none-eabi/bin/../lib/gcc/arm-none-eabi/11.3.1/../../../../arm-none-eabi/lib/thumb/v7-m/nofp/libc_nano.a(libc_a-init.o)
 .debug_abbrev  0x0000000000003e67       0xc1 /Users/brianteam/Downloads/arm-gnu-toolchain-11.3.rel1-darwin-x86_64-arm-none-eabi/bin/../lib/gcc/arm-none-eabi/11.3.1/../../../../arm-none-eabi/lib/thumb/v7-m/nofp/libc_nano.a(libc_a-memcpy-stub.o)

.debug_loc      0x0000000000000000    0x17dda
 .debug_loc     0x0000000000000000      0x99a ./thirdparty/cubemx-light-valve-driver/build/main.o
 .debug_loc     0x000000000000099a       0x20 ./thirdparty/cubemx-light-valve-driver/build/stm32f1xx_it.o
 .debug_loc     0x00000000000009ba       0x4d ./thirdparty/cubemx-light-valve-driver/build/stm32f1xx_hal_msp.o
 .debug_loc     0x0000000000000a07      0x152 ./thirdparty/cubemx-light-valve-driver/build/stm32f1xx_hal_timebase_tim.o
 .debug_loc     0x0000000000000b59      0x532 ./thirdparty/cubemx-light-valve-driver/build/stm32f1xx_ll_gpio.o
 .debug_loc     0x000000000000108b      0x353 ./thirdparty/cubemx-light-valve-driver/build/stm32f1xx_ll_rcc.o
 .debug_loc     0x00000000000013de      0x6ed ./thirdparty/cubemx-light-valve-driver/build/stm32f1xx_ll_utils.o
 .debug_loc     0x0000000000001acb      0x1e1 ./thirdparty/cubemx-light-valve-driver/build/stm32f1xx_hal.o
 .debug_loc     0x0000000000001cac      0x7ee ./thirdparty/cubemx-light-valve-driver/build/stm32f1xx_hal_rcc.o
 .debug_loc     0x000000000000249a      0x80c ./thirdparty/cubemx-light-valve-driver/build/stm32f1xx_hal_cortex.o
 .debug_loc     0x0000000000002ca6     0x5331 ./thirdparty/cubemx-light-valve-driver/build/stm32f1xx_hal_tim.o
 .debug_loc     0x0000000000007fd7     0x1f68 ./thirdparty/cubemx-light-valve-driver/build/stm32f1xx_hal_tim_ex.o
 .debug_loc     0x0000000000009f3f     0x1347 ./thirdparty/cubemx-light-valve-driver/build/stm32f1xx_ll_tim.o
 .debug_loc     0x000000000000b286      0x504 ./thirdparty/cubemx-light-valve-driver/build/stm32f1xx_ll_usart.o
 .debug_loc     0x000000000000b78a       0xff ./thirdparty/cubemx-light-valve-driver/build/system_stm32f1xx.o
 .debug_loc     0x000000000000b889       0xe5 ./thirdparty/cubemx-light-valve-driver/build/list.o
 .debug_loc     0x000000000000b96e     0x1e5d ./thirdparty/cubemx-light-valve-driver/build/queue.o
 .debug_loc     0x000000000000d7cb     0x2ad0 ./thirdparty/cubemx-light-valve-driver/build/tasks.o
 .debug_loc     0x000000000001029b     0x134d ./thirdparty/cubemx-light-valve-driver/build/timers.o
 .debug_loc     0x00000000000115e8     0x62c5 ./thirdparty/cubemx-light-valve-driver/build/cmsis_os2.o
 .debug_loc     0x00000000000178ad      0x3c1 ./thirdparty/cubemx-light-valve-driver/build/heap_4.o
 .debug_loc     0x0000000000017c6e      0x16c ./thirdparty/cubemx-light-valve-driver/build/port.o

.debug_aranges  0x0000000000000000     0x1270
 .debug_aranges
                0x0000000000000000       0x70 ./thirdparty/cubemx-light-valve-driver/build/main.o
 .debug_aranges
                0x0000000000000070       0x70 ./thirdparty/cubemx-light-valve-driver/build/stm32f1xx_it.o
 .debug_aranges
                0x00000000000000e0       0x20 ./thirdparty/cubemx-light-valve-driver/build/stm32f1xx_hal_msp.o
 .debug_aranges
                0x0000000000000100       0x30 ./thirdparty/cubemx-light-valve-driver/build/stm32f1xx_hal_timebase_tim.o
 .debug_aranges
                0x0000000000000130       0x30 ./thirdparty/cubemx-light-valve-driver/build/stm32f1xx_ll_gpio.o
 .debug_aranges
                0x0000000000000160       0x60 ./thirdparty/cubemx-light-valve-driver/build/stm32f1xx_ll_rcc.o
 .debug_aranges
                0x00000000000001c0       0x68 ./thirdparty/cubemx-light-valve-driver/build/stm32f1xx_ll_utils.o
 .debug_aranges
                0x0000000000000228       0xe0 ./thirdparty/cubemx-light-valve-driver/build/stm32f1xx_hal.o
 .debug_aranges
                0x0000000000000308       0x90 ./thirdparty/cubemx-light-valve-driver/build/stm32f1xx_hal_rcc.o
 .debug_aranges
                0x0000000000000398       0x90 ./thirdparty/cubemx-light-valve-driver/build/stm32f1xx_hal_cortex.o
 .debug_aranges
                0x0000000000000428      0x3d0 ./thirdparty/cubemx-light-valve-driver/build/stm32f1xx_hal_tim.o
 .debug_aranges
                0x00000000000007f8      0x168 ./thirdparty/cubemx-light-valve-driver/build/stm32f1xx_hal_tim_ex.o
 .debug_aranges
                0x0000000000000960       0xc0 ./thirdparty/cubemx-light-valve-driver/build/stm32f1xx_ll_tim.o
 .debug_aranges
                0x0000000000000a20       0x40 ./thirdparty/cubemx-light-valve-driver/build/stm32f1xx_ll_usart.o
 .debug_aranges
                0x0000000000000a60       0x28 ./thirdparty/cubemx-light-valve-driver/build/system_stm32f1xx.o
 .debug_aranges
                0x0000000000000a88       0x40 ./thirdparty/cubemx-light-valve-driver/build/list.o
 .debug_aranges
                0x0000000000000ac8      0x158 ./thirdparty/cubemx-light-valve-driver/build/queue.o
 .debug_aranges
                0x0000000000000c20      0x1f8 ./thirdparty/cubemx-light-valve-driver/build/tasks.o
 .debug_aranges
                0x0000000000000e18       0xe0 ./thirdparty/cubemx-light-valve-driver/build/timers.o
 .debug_aranges
                0x0000000000000ef8      0x228 ./thirdparty/cubemx-light-valve-driver/build/cmsis_os2.o
 .debug_aranges
                0x0000000000001120       0x50 ./thirdparty/cubemx-light-valve-driver/build/heap_4.o
 .debug_aranges
                0x0000000000001170       0x78 ./thirdparty/cubemx-light-valve-driver/build/port.o
 .debug_aranges
                0x00000000000011e8       0x28 ./thirdparty/cubemx-light-valve-driver/build/startup_stm32f103xb.o
 .debug_aranges
                0x0000000000001210       0x20 /Users/brianteam/Downloads/arm-gnu-toolchain-11.3.rel1-darwin-x86_64-arm-none-eabi/bin/../lib/gcc/arm-none-eabi/11.3.1/../../../../arm-none-eabi/lib/thumb/v7-m/nofp/libc_nano.a(libc_a-memset.o)
 .debug_aranges
                0x0000000000001230       0x20 /Users/brianteam/Downloads/arm-gnu-toolchain-11.3.rel1-darwin-x86_64-arm-none-eabi/bin/../lib/gcc/arm-none-eabi/11.3.1/../../../../arm-none-eabi/lib/thumb/v7-m/nofp/libc_nano.a(libc_a-init.o)
 .debug_aranges
                0x0000000000001250       0x20 /Users/brianteam/Downloads/arm-gnu-toolchain-11.3.rel1-darwin-x86_64-arm-none-eabi/bin/../lib/gcc/arm-none-eabi/11.3.1/../../../../arm-none-eabi/lib/thumb/v7-m/nofp/libc_nano.a(libc_a-memcpy-stub.o)

.debug_ranges   0x0000000000000000     0x1480
 .debug_ranges  0x0000000000000000       0x60 ./thirdparty/cubemx-light-valve-driver/build/main.o
 .debug_ranges  0x0000000000000060       0x60 ./thirdparty/cubemx-light-valve-driver/build/stm32f1xx_it.o
 .debug_ranges  0x00000000000000c0       0x10 ./thirdparty/cubemx-light-valve-driver/build/stm32f1xx_hal_msp.o
 .debug_ranges  0x00000000000000d0       0x20 ./thirdparty/cubemx-light-valve-driver/build/stm32f1xx_hal_timebase_tim.o
 .debug_ranges  0x00000000000000f0       0x98 ./thirdparty/cubemx-light-valve-driver/build/stm32f1xx_ll_gpio.o
 .debug_ranges  0x0000000000000188       0x50 ./thirdparty/cubemx-light-valve-driver/build/stm32f1xx_ll_rcc.o
 .debug_ranges  0x00000000000001d8       0x58 ./thirdparty/cubemx-light-valve-driver/build/stm32f1xx_ll_utils.o
 .debug_ranges  0x0000000000000230       0xd0 ./thirdparty/cubemx-light-valve-driver/build/stm32f1xx_hal.o
 .debug_ranges  0x0000000000000300       0xa0 ./thirdparty/cubemx-light-valve-driver/build/stm32f1xx_hal_rcc.o
 .debug_ranges  0x00000000000003a0       0xe0 ./thirdparty/cubemx-light-valve-driver/build/stm32f1xx_hal_cortex.o
 .debug_ranges  0x0000000000000480      0x3c0 ./thirdparty/cubemx-light-valve-driver/build/stm32f1xx_hal_tim.o
 .debug_ranges  0x0000000000000840      0x158 ./thirdparty/cubemx-light-valve-driver/build/stm32f1xx_hal_tim_ex.o
 .debug_ranges  0x0000000000000998      0x110 ./thirdparty/cubemx-light-valve-driver/build/stm32f1xx_ll_tim.o
 .debug_ranges  0x0000000000000aa8       0xa8 ./thirdparty/cubemx-light-valve-driver/build/stm32f1xx_ll_usart.o
 .debug_ranges  0x0000000000000b50       0x18 ./thirdparty/cubemx-light-valve-driver/build/system_stm32f1xx.o
 .debug_ranges  0x0000000000000b68       0x30 ./thirdparty/cubemx-light-valve-driver/build/list.o
 .debug_ranges  0x0000000000000b98      0x218 ./thirdparty/cubemx-light-valve-driver/build/queue.o
 .debug_ranges  0x0000000000000db0      0x320 ./thirdparty/cubemx-light-valve-driver/build/tasks.o
 .debug_ranges  0x00000000000010d0       0xd0 ./thirdparty/cubemx-light-valve-driver/build/timers.o
 .debug_ranges  0x00000000000011a0      0x218 ./thirdparty/cubemx-light-valve-driver/build/cmsis_os2.o
 .debug_ranges  0x00000000000013b8       0x40 ./thirdparty/cubemx-light-valve-driver/build/heap_4.o
 .debug_ranges  0x00000000000013f8       0x68 ./thirdparty/cubemx-light-valve-driver/build/port.o
 .debug_ranges  0x0000000000001460       0x20 ./thirdparty/cubemx-light-valve-driver/build/startup_stm32f103xb.o

.debug_line     0x0000000000000000    0x15070
 .debug_line    0x0000000000000000      0xcb0 ./thirdparty/cubemx-light-valve-driver/build/main.o
 .debug_line    0x0000000000000cb0      0x330 ./thirdparty/cubemx-light-valve-driver/build/stm32f1xx_it.o
 .debug_line    0x0000000000000fe0      0x203 ./thirdparty/cubemx-light-valve-driver/build/stm32f1xx_hal_msp.o
 .debug_line    0x00000000000011e3      0x324 ./thirdparty/cubemx-light-valve-driver/build/stm32f1xx_hal_timebase_tim.o
 .debug_line    0x0000000000001507      0x5c4 ./thirdparty/cubemx-light-valve-driver/build/stm32f1xx_ll_gpio.o
 .debug_line    0x0000000000001acb      0x5bb ./thirdparty/cubemx-light-valve-driver/build/stm32f1xx_ll_rcc.o
 .debug_line    0x0000000000002086      0x77e ./thirdparty/cubemx-light-valve-driver/build/stm32f1xx_ll_utils.o
 .debug_line    0x0000000000002804      0x552 ./thirdparty/cubemx-light-valve-driver/build/stm32f1xx_hal.o
 .debug_line    0x0000000000002d56      0xc48 ./thirdparty/cubemx-light-valve-driver/build/stm32f1xx_hal_rcc.o
 .debug_line    0x000000000000399e      0x65c ./thirdparty/cubemx-light-valve-driver/build/stm32f1xx_hal_cortex.o
 .debug_line    0x0000000000003ffa     0x4677 ./thirdparty/cubemx-light-valve-driver/build/stm32f1xx_hal_tim.o
 .debug_line    0x0000000000008671     0x1b7d ./thirdparty/cubemx-light-valve-driver/build/stm32f1xx_hal_tim_ex.o
 .debug_line    0x000000000000a1ee      0xadf ./thirdparty/cubemx-light-valve-driver/build/stm32f1xx_ll_tim.o
 .debug_line    0x000000000000accd      0x513 ./thirdparty/cubemx-light-valve-driver/build/stm32f1xx_ll_usart.o
 .debug_line    0x000000000000b1e0      0x265 ./thirdparty/cubemx-light-valve-driver/build/system_stm32f1xx.o
 .debug_line    0x000000000000b445      0x398 ./thirdparty/cubemx-light-valve-driver/build/list.o
 .debug_line    0x000000000000b7dd     0x1fae ./thirdparty/cubemx-light-valve-driver/build/queue.o
 .debug_line    0x000000000000d78b     0x2b3f ./thirdparty/cubemx-light-valve-driver/build/tasks.o
 .debug_line    0x00000000000102ca      0xde4 ./thirdparty/cubemx-light-valve-driver/build/timers.o
 .debug_line    0x00000000000110ae     0x2ded ./thirdparty/cubemx-light-valve-driver/build/cmsis_os2.o
 .debug_line    0x0000000000013e9b      0x6a2 ./thirdparty/cubemx-light-valve-driver/build/heap_4.o
 .debug_line    0x000000000001453d      0x613 ./thirdparty/cubemx-light-valve-driver/build/port.o
 .debug_line    0x0000000000014b50       0x75 ./thirdparty/cubemx-light-valve-driver/build/startup_stm32f103xb.o
 .debug_line    0x0000000000014bc5      0x187 /Users/brianteam/Downloads/arm-gnu-toolchain-11.3.rel1-darwin-x86_64-arm-none-eabi/bin/../lib/gcc/arm-none-eabi/11.3.1/../../../../arm-none-eabi/lib/thumb/v7-m/nofp/libc_nano.a(libc_a-memset.o)
 .debug_line    0x0000000000014d4c      0x17d /Users/brianteam/Downloads/arm-gnu-toolchain-11.3.rel1-darwin-x86_64-arm-none-eabi/bin/../lib/gcc/arm-none-eabi/11.3.1/../../../../arm-none-eabi/lib/thumb/v7-m/nofp/libc_nano.a(libc_a-init.o)
 .debug_line    0x0000000000014ec9      0x1a7 /Users/brianteam/Downloads/arm-gnu-toolchain-11.3.rel1-darwin-x86_64-arm-none-eabi/bin/../lib/gcc/arm-none-eabi/11.3.1/../../../../arm-none-eabi/lib/thumb/v7-m/nofp/libc_nano.a(libc_a-memcpy-stub.o)

.debug_str      0x0000000000000000     0x6cc7
 .debug_str     0x0000000000000000     0x1666 ./thirdparty/cubemx-light-valve-driver/build/main.o
                                       0x17d4 (size before relaxing)
 .debug_str     0x0000000000001666       0xee ./thirdparty/cubemx-light-valve-driver/build/stm32f1xx_it.o
                                        0x7b9 (size before relaxing)
 .debug_str     0x0000000000001754       0x5d ./thirdparty/cubemx-light-valve-driver/build/stm32f1xx_hal_msp.o
                                        0x5a3 (size before relaxing)
 .debug_str     0x00000000000017b1      0x15c ./thirdparty/cubemx-light-valve-driver/build/stm32f1xx_hal_timebase_tim.o
                                        0xb3a (size before relaxing)
 .debug_str     0x000000000000190d      0x104 ./thirdparty/cubemx-light-valve-driver/build/stm32f1xx_ll_gpio.o
                                        0x397 (size before relaxing)
 .debug_str     0x0000000000001a11      0x2b4 ./thirdparty/cubemx-light-valve-driver/build/stm32f1xx_ll_rcc.o
                                        0x571 (size before relaxing)
 .debug_str     0x0000000000001cc5      0x258 ./thirdparty/cubemx-light-valve-driver/build/stm32f1xx_ll_utils.o
                                        0x668 (size before relaxing)
 .debug_str     0x0000000000001f1d      0x274 ./thirdparty/cubemx-light-valve-driver/build/stm32f1xx_hal.o
                                        0x851 (size before relaxing)
 .debug_str     0x0000000000002191      0x2a9 ./thirdparty/cubemx-light-valve-driver/build/stm32f1xx_hal_rcc.o
                                        0x64e (size before relaxing)
 .debug_str     0x000000000000243a      0x24f ./thirdparty/cubemx-light-valve-driver/build/stm32f1xx_hal_cortex.o
                                        0x8f6 (size before relaxing)
 .debug_str     0x0000000000002689      0xe93 ./thirdparty/cubemx-light-valve-driver/build/stm32f1xx_hal_tim.o
                                       0x1691 (size before relaxing)
 .debug_str     0x000000000000351c      0x54b ./thirdparty/cubemx-light-valve-driver/build/stm32f1xx_hal_tim_ex.o
                                        0xead (size before relaxing)
 .debug_str     0x0000000000003a67      0x39e ./thirdparty/cubemx-light-valve-driver/build/stm32f1xx_ll_tim.o
                                        0x88e (size before relaxing)
 .debug_str     0x0000000000003e05      0x173 ./thirdparty/cubemx-light-valve-driver/build/stm32f1xx_ll_usart.o
                                        0x51a (size before relaxing)
 .debug_str     0x0000000000003f78       0x40 ./thirdparty/cubemx-light-valve-driver/build/system_stm32f1xx.o
                                        0x272 (size before relaxing)
 .debug_str     0x0000000000003fb8      0x14d ./thirdparty/cubemx-light-valve-driver/build/list.o
                                        0x318 (size before relaxing)
 .debug_str     0x0000000000004105      0x9b7 ./thirdparty/cubemx-light-valve-driver/build/queue.o
                                        0xca3 (size before relaxing)
 .debug_str     0x0000000000004abc      0xc3e ./thirdparty/cubemx-light-valve-driver/build/tasks.o
                                       0x1292 (size before relaxing)
 .debug_str     0x00000000000056fa      0x5a9 ./thirdparty/cubemx-light-valve-driver/build/timers.o
                                        0xc18 (size before relaxing)
 .debug_str     0x0000000000005ca3      0xa00 ./thirdparty/cubemx-light-valve-driver/build/cmsis_os2.o
                                       0x1974 (size before relaxing)
 .debug_str     0x00000000000066a3      0x1d5 ./thirdparty/cubemx-light-valve-driver/build/heap_4.o
                                        0x40c (size before relaxing)
 .debug_str     0x0000000000006878      0x17d ./thirdparty/cubemx-light-valve-driver/build/port.o
                                        0x484 (size before relaxing)
 .debug_str     0x00000000000069f5       0x22 ./thirdparty/cubemx-light-valve-driver/build/startup_stm32f103xb.o
                                         0x9e (size before relaxing)
 .debug_str     0x0000000000006a17      0x16a /Users/brianteam/Downloads/arm-gnu-toolchain-11.3.rel1-darwin-x86_64-arm-none-eabi/bin/../lib/gcc/arm-none-eabi/11.3.1/../../../../arm-none-eabi/lib/thumb/v7-m/nofp/libc_nano.a(libc_a-memset.o)
                                        0x20d (size before relaxing)
 .debug_str     0x0000000000006b81       0xc5 /Users/brianteam/Downloads/arm-gnu-toolchain-11.3.rel1-darwin-x86_64-arm-none-eabi/bin/../lib/gcc/arm-none-eabi/11.3.1/../../../../arm-none-eabi/lib/thumb/v7-m/nofp/libc_nano.a(libc_a-init.o)
                                        0x26e (size before relaxing)
 .debug_str     0x0000000000006c46       0x81 /Users/brianteam/Downloads/arm-gnu-toolchain-11.3.rel1-darwin-x86_64-arm-none-eabi/bin/../lib/gcc/arm-none-eabi/11.3.1/../../../../arm-none-eabi/lib/thumb/v7-m/nofp/libc_nano.a(libc_a-memcpy-stub.o)
                                        0x22b (size before relaxing)

.debug_frame    0x0000000000000000     0x327c
 .debug_frame   0x0000000000000000      0x140 ./thirdparty/cubemx-light-valve-driver/build/main.o
 .debug_frame   0x0000000000000140       0xc8 ./thirdparty/cubemx-light-valve-driver/build/stm32f1xx_it.o
 .debug_frame   0x0000000000000208       0x2c ./thirdparty/cubemx-light-valve-driver/build/stm32f1xx_hal_msp.o
 .debug_frame   0x0000000000000234       0x54 ./thirdparty/cubemx-light-valve-driver/build/stm32f1xx_hal_timebase_tim.o
 .debug_frame   0x0000000000000288       0x6c ./thirdparty/cubemx-light-valve-driver/build/stm32f1xx_ll_gpio.o
 .debug_frame   0x00000000000002f4       0xc4 ./thirdparty/cubemx-light-valve-driver/build/stm32f1xx_ll_rcc.o
 .debug_frame   0x00000000000003b8       0xec ./thirdparty/cubemx-light-valve-driver/build/stm32f1xx_ll_utils.o
 .debug_frame   0x00000000000004a4      0x1cc ./thirdparty/cubemx-light-valve-driver/build/stm32f1xx_hal.o
 .debug_frame   0x0000000000000670      0x190 ./thirdparty/cubemx-light-valve-driver/build/stm32f1xx_hal_rcc.o
 .debug_frame   0x0000000000000800      0x118 ./thirdparty/cubemx-light-valve-driver/build/stm32f1xx_hal_cortex.o
 .debug_frame   0x0000000000000918      0xb14 ./thirdparty/cubemx-light-valve-driver/build/stm32f1xx_hal_tim.o
 .debug_frame   0x000000000000142c      0x40c ./thirdparty/cubemx-light-valve-driver/build/stm32f1xx_hal_tim_ex.o
 .debug_frame   0x0000000000001838      0x1f8 ./thirdparty/cubemx-light-valve-driver/build/stm32f1xx_ll_tim.o
 .debug_frame   0x0000000000001a30       0x80 ./thirdparty/cubemx-light-valve-driver/build/stm32f1xx_ll_usart.o
 .debug_frame   0x0000000000001ab0       0x30 ./thirdparty/cubemx-light-valve-driver/build/system_stm32f1xx.o
 .debug_frame   0x0000000000001ae0       0x70 ./thirdparty/cubemx-light-valve-driver/build/list.o
 .debug_frame   0x0000000000001b50      0x458 ./thirdparty/cubemx-light-valve-driver/build/queue.o
 .debug_frame   0x0000000000001fa8      0x660 ./thirdparty/cubemx-light-valve-driver/build/tasks.o
 .debug_frame   0x0000000000002608      0x2c4 ./thirdparty/cubemx-light-valve-driver/build/timers.o
 .debug_frame   0x00000000000028cc      0x79c ./thirdparty/cubemx-light-valve-driver/build/cmsis_os2.o
 .debug_frame   0x0000000000003068       0xb0 ./thirdparty/cubemx-light-valve-driver/build/heap_4.o
 .debug_frame   0x0000000000003118       0xf0 ./thirdparty/cubemx-light-valve-driver/build/port.o
 .debug_frame   0x0000000000003208       0x20 /Users/brianteam/Downloads/arm-gnu-toolchain-11.3.rel1-darwin-x86_64-arm-none-eabi/bin/../lib/gcc/arm-none-eabi/11.3.1/../../../../arm-none-eabi/lib/thumb/v7-m/nofp/libc_nano.a(libc_a-memset.o)
 .debug_frame   0x0000000000003228       0x2c /Users/brianteam/Downloads/arm-gnu-toolchain-11.3.rel1-darwin-x86_64-arm-none-eabi/bin/../lib/gcc/arm-none-eabi/11.3.1/../../../../arm-none-eabi/lib/thumb/v7-m/nofp/libc_nano.a(libc_a-init.o)
 .debug_frame   0x0000000000003254       0x28 /Users/brianteam/Downloads/arm-gnu-toolchain-11.3.rel1-darwin-x86_64-arm-none-eabi/bin/../lib/gcc/arm-none-eabi/11.3.1/../../../../arm-none-eabi/lib/thumb/v7-m/nofp/libc_nano.a(libc_a-memcpy-stub.o)

.debug_loclists
                0x0000000000000000       0xfe
 .debug_loclists
                0x0000000000000000       0x3b /Users/brianteam/Downloads/arm-gnu-toolchain-11.3.rel1-darwin-x86_64-arm-none-eabi/bin/../lib/gcc/arm-none-eabi/11.3.1/../../../../arm-none-eabi/lib/thumb/v7-m/nofp/libc_nano.a(libc_a-memset.o)
 .debug_loclists
                0x000000000000003b       0x34 /Users/brianteam/Downloads/arm-gnu-toolchain-11.3.rel1-darwin-x86_64-arm-none-eabi/bin/../lib/gcc/arm-none-eabi/11.3.1/../../../../arm-none-eabi/lib/thumb/v7-m/nofp/libc_nano.a(libc_a-init.o)
 .debug_loclists
                0x000000000000006f       0x8f /Users/brianteam/Downloads/arm-gnu-toolchain-11.3.rel1-darwin-x86_64-arm-none-eabi/bin/../lib/gcc/arm-none-eabi/11.3.1/../../../../arm-none-eabi/lib/thumb/v7-m/nofp/libc_nano.a(libc_a-memcpy-stub.o)

.debug_rnglists
                0x0000000000000000       0x39
 .debug_rnglists
                0x0000000000000000       0x13 /Users/brianteam/Downloads/arm-gnu-toolchain-11.3.rel1-darwin-x86_64-arm-none-eabi/bin/../lib/gcc/arm-none-eabi/11.3.1/../../../../arm-none-eabi/lib/thumb/v7-m/nofp/libc_nano.a(libc_a-memset.o)
 .debug_rnglists
                0x0000000000000013       0x13 /Users/brianteam/Downloads/arm-gnu-toolchain-11.3.rel1-darwin-x86_64-arm-none-eabi/bin/../lib/gcc/arm-none-eabi/11.3.1/../../../../arm-none-eabi/lib/thumb/v7-m/nofp/libc_nano.a(libc_a-init.o)
 .debug_rnglists
                0x0000000000000026       0x13 /Users/brianteam/Downloads/arm-gnu-toolchain-11.3.rel1-darwin-x86_64-arm-none-eabi/bin/../lib/gcc/arm-none-eabi/11.3.1/../../../../arm-none-eabi/lib/thumb/v7-m/nofp/libc_nano.a(libc_a-memcpy-stub.o)

Cross Reference Table

Symbol                                            File
ADC1_2_IRQHandler                                 ./thirdparty/cubemx-light-valve-driver/build/startup_stm32f103xb.o
AHBPrescTable                                     ./thirdparty/cubemx-light-valve-driver/build/system_stm32f1xx.o
                                                  ./thirdparty/cubemx-light-valve-driver/build/stm32f1xx_hal_rcc.o
                                                  ./thirdparty/cubemx-light-valve-driver/build/stm32f1xx_ll_utils.o
                                                  ./thirdparty/cubemx-light-valve-driver/build/stm32f1xx_ll_rcc.o
APBPrescTable                                     ./thirdparty/cubemx-light-valve-driver/build/system_stm32f1xx.o
                                                  ./thirdparty/cubemx-light-valve-driver/build/stm32f1xx_hal_rcc.o
                                                  ./thirdparty/cubemx-light-valve-driver/build/stm32f1xx_ll_rcc.o
BusFault_Handler                                  ./thirdparty/cubemx-light-valve-driver/build/stm32f1xx_it.o
CAN1_RX1_IRQHandler                               ./thirdparty/cubemx-light-valve-driver/build/startup_stm32f103xb.o
CAN1_SCE_IRQHandler                               ./thirdparty/cubemx-light-valve-driver/build/startup_stm32f103xb.o
DMA1_Channel1_IRQHandler                          ./thirdparty/cubemx-light-valve-driver/build/startup_stm32f103xb.o
DMA1_Channel2_IRQHandler                          ./thirdparty/cubemx-light-valve-driver/build/startup_stm32f103xb.o
DMA1_Channel3_IRQHandler                          ./thirdparty/cubemx-light-valve-driver/build/startup_stm32f103xb.o
DMA1_Channel4_IRQHandler                          ./thirdparty/cubemx-light-valve-driver/build/startup_stm32f103xb.o
DMA1_Channel5_IRQHandler                          ./thirdparty/cubemx-light-valve-driver/build/startup_stm32f103xb.o
DMA1_Channel6_IRQHandler                          ./thirdparty/cubemx-light-valve-driver/build/stm32f1xx_it.o
DMA1_Channel7_IRQHandler                          ./thirdparty/cubemx-light-valve-driver/build/startup_stm32f103xb.o
DebugMon_Handler                                  ./thirdparty/cubemx-light-valve-driver/build/stm32f1xx_it.o
Default_Handler                                   ./thirdparty/cubemx-light-valve-driver/build/startup_stm32f103xb.o
EXTI0_IRQHandler                                  ./thirdparty/cubemx-light-valve-driver/build/startup_stm32f103xb.o
EXTI15_10_IRQHandler                              ./thirdparty/cubemx-light-valve-driver/build/startup_stm32f103xb.o
EXTI1_IRQHandler                                  ./thirdparty/cubemx-light-valve-driver/build/startup_stm32f103xb.o
EXTI2_IRQHandler                                  ./thirdparty/cubemx-light-valve-driver/build/startup_stm32f103xb.o
EXTI3_IRQHandler                                  ./thirdparty/cubemx-light-valve-driver/build/startup_stm32f103xb.o
EXTI4_IRQHandler                                  ./thirdparty/cubemx-light-valve-driver/build/startup_stm32f103xb.o
EXTI9_5_IRQHandler                                ./thirdparty/cubemx-light-valve-driver/build/startup_stm32f103xb.o
Error_Handler                                     ./thirdparty/cubemx-light-valve-driver/build/main.o
FLASH_IRQHandler                                  ./thirdparty/cubemx-light-valve-driver/build/startup_stm32f103xb.o
FLASH_PageErase                                   ./thirdparty/cubemx-light-valve-driver/build/stm32f1xx_hal_flash_ex.o
                                                  ./thirdparty/cubemx-light-valve-driver/build/stm32f1xx_hal_flash.o
FLASH_WaitForLastOperation                        ./thirdparty/cubemx-light-valve-driver/build/stm32f1xx_hal_flash.o
                                                  ./thirdparty/cubemx-light-valve-driver/build/stm32f1xx_hal_flash_ex.o
HAL_DBGMCU_DisableDBGSleepMode                    ./thirdparty/cubemx-light-valve-driver/build/stm32f1xx_hal.o
HAL_DBGMCU_DisableDBGStandbyMode                  ./thirdparty/cubemx-light-valve-driver/build/stm32f1xx_hal.o
HAL_DBGMCU_DisableDBGStopMode                     ./thirdparty/cubemx-light-valve-driver/build/stm32f1xx_hal.o
HAL_DBGMCU_EnableDBGSleepMode                     ./thirdparty/cubemx-light-valve-driver/build/stm32f1xx_hal.o
HAL_DBGMCU_EnableDBGStandbyMode                   ./thirdparty/cubemx-light-valve-driver/build/stm32f1xx_hal.o
HAL_DBGMCU_EnableDBGStopMode                      ./thirdparty/cubemx-light-valve-driver/build/stm32f1xx_hal.o
HAL_DMA_Abort                                     ./thirdparty/cubemx-light-valve-driver/build/stm32f1xx_hal_dma.o
HAL_DMA_Abort_IT                                  ./thirdparty/cubemx-light-valve-driver/build/stm32f1xx_hal_dma.o
                                                  ./thirdparty/cubemx-light-valve-driver/build/stm32f1xx_hal_tim_ex.o
                                                  ./thirdparty/cubemx-light-valve-driver/build/stm32f1xx_hal_tim.o
HAL_DMA_DeInit                                    ./thirdparty/cubemx-light-valve-driver/build/stm32f1xx_hal_dma.o
HAL_DMA_GetError                                  ./thirdparty/cubemx-light-valve-driver/build/stm32f1xx_hal_dma.o
HAL_DMA_GetState                                  ./thirdparty/cubemx-light-valve-driver/build/stm32f1xx_hal_dma.o
HAL_DMA_IRQHandler                                ./thirdparty/cubemx-light-valve-driver/build/stm32f1xx_hal_dma.o
HAL_DMA_Init                                      ./thirdparty/cubemx-light-valve-driver/build/stm32f1xx_hal_dma.o
HAL_DMA_PollForTransfer                           ./thirdparty/cubemx-light-valve-driver/build/stm32f1xx_hal_dma.o
HAL_DMA_RegisterCallback                          ./thirdparty/cubemx-light-valve-driver/build/stm32f1xx_hal_dma.o
HAL_DMA_Start                                     ./thirdparty/cubemx-light-valve-driver/build/stm32f1xx_hal_dma.o
HAL_DMA_Start_IT                                  ./thirdparty/cubemx-light-valve-driver/build/stm32f1xx_hal_dma.o
                                                  ./thirdparty/cubemx-light-valve-driver/build/stm32f1xx_hal_tim_ex.o
                                                  ./thirdparty/cubemx-light-valve-driver/build/stm32f1xx_hal_tim.o
HAL_DMA_UnRegisterCallback                        ./thirdparty/cubemx-light-valve-driver/build/stm32f1xx_hal_dma.o
HAL_DeInit                                        ./thirdparty/cubemx-light-valve-driver/build/stm32f1xx_hal.o
HAL_Delay                                         ./thirdparty/cubemx-light-valve-driver/build/stm32f1xx_hal.o
HAL_EXTI_ClearConfigLine                          ./thirdparty/cubemx-light-valve-driver/build/stm32f1xx_hal_exti.o
HAL_EXTI_ClearPending                             ./thirdparty/cubemx-light-valve-driver/build/stm32f1xx_hal_exti.o
HAL_EXTI_GenerateSWI                              ./thirdparty/cubemx-light-valve-driver/build/stm32f1xx_hal_exti.o
HAL_EXTI_GetConfigLine                            ./thirdparty/cubemx-light-valve-driver/build/stm32f1xx_hal_exti.o
HAL_EXTI_GetHandle                                ./thirdparty/cubemx-light-valve-driver/build/stm32f1xx_hal_exti.o
HAL_EXTI_GetPending                               ./thirdparty/cubemx-light-valve-driver/build/stm32f1xx_hal_exti.o
HAL_EXTI_IRQHandler                               ./thirdparty/cubemx-light-valve-driver/build/stm32f1xx_hal_exti.o
HAL_EXTI_RegisterCallback                         ./thirdparty/cubemx-light-valve-driver/build/stm32f1xx_hal_exti.o
HAL_EXTI_SetConfigLine                            ./thirdparty/cubemx-light-valve-driver/build/stm32f1xx_hal_exti.o
HAL_FLASHEx_Erase                                 ./thirdparty/cubemx-light-valve-driver/build/stm32f1xx_hal_flash_ex.o
HAL_FLASHEx_Erase_IT                              ./thirdparty/cubemx-light-valve-driver/build/stm32f1xx_hal_flash_ex.o
HAL_FLASHEx_OBErase                               ./thirdparty/cubemx-light-valve-driver/build/stm32f1xx_hal_flash_ex.o
HAL_FLASHEx_OBGetConfig                           ./thirdparty/cubemx-light-valve-driver/build/stm32f1xx_hal_flash_ex.o
HAL_FLASHEx_OBGetUserData                         ./thirdparty/cubemx-light-valve-driver/build/stm32f1xx_hal_flash_ex.o
HAL_FLASHEx_OBProgram                             ./thirdparty/cubemx-light-valve-driver/build/stm32f1xx_hal_flash_ex.o
HAL_FLASH_EndOfOperationCallback                  ./thirdparty/cubemx-light-valve-driver/build/stm32f1xx_hal_flash.o
HAL_FLASH_GetError                                ./thirdparty/cubemx-light-valve-driver/build/stm32f1xx_hal_flash.o
HAL_FLASH_IRQHandler                              ./thirdparty/cubemx-light-valve-driver/build/stm32f1xx_hal_flash.o